ASxxxx Linker V03.00 + NoICE + sdld,  page 1.
Hexadecimal  [32-Bits]

Area                                    Addr        Size        Decimal Bytes (Attributes)
--------------------------------        ----        ----        ------- ----- ------------
.  .ABS.                            00000000    00000000 =           0. bytes (ABS,CON)

      Value  Global                              Global Defined In Module
      -----  --------------------------------   ------------------------
     00000000  .__.ABS.                           
     00000000  l__CABS                         
     00000000  l__DABS                         
     00000000  l__GSFINAL                      
     00000000  l__HEADER                       
     00000000  l__HEAP                         
     00000000  l__LIT                          
     00000000  s__CABS                         
     00000000  s__DABS                         
     00000000  s__HEADER                       
     00000000  s__HEADER0                      
     00000000  s__HEADER1                      
     00000000  s__HEADER10                     
     00000000  s__HEADER11                     
     00000000  s__HEADER12                     
     00000000  s__HEADER2                      
     00000000  s__HEADER3                      
     00000000  s__HEADER4                      
     00000000  s__HEADER5                      
     00000000  s__HEADER6                      
     00000000  s__HEADER7                      
     00000000  s__HEADER8                      
     00000000  s__HEADER9                      
     00000000  s__HEADERa                      
     00000000  s__HEADERb                      
     00000000  s__HEADERc                      
     00000000  s__HEADERd                      
     00000000  s__HEADERe                      
     00000000  s__HEADERf                      
     00000001  l__GSINITTAIL                   
     00000001  l__HEADER0                      
     00000001  l__HEADER12                     
     00000001  l__HEADERa                      
     00000001  l__HEADERb                      
     00000001  l__HEADERc                      
     00000001  l__HEADERe                      
     00000001  l__HEADERf                      
     00000002  l__HEADER10                     
     00000002  l__HEADERd                      
     00000003  l__HEADER9                      
     00000006  l__HEADER8                      
     00000007  l__HEADER2                      
     00000007  l__HEADER3                      
     00000007  l__HEADER4                      
     00000007  l__HEADER5                      
     00000010  l__HEADER1                      
     0000001F  l__HEADER6                      
     00000034  l__HEADER7                      
     00000059  l__BSS                          
     00000085  l__HEADER11                     
ASxxxx Linker V03.00 + NoICE + sdld,  page 2.
Hexadecimal  [32-Bits]

Area                                    Addr        Size        Decimal Bytes (Attributes)
--------------------------------        ----        ----        ------- ----- ------------
.  .ABS.                            00000000    00000000 =           0. bytes (ABS,CON)

      Value  Global                              Global Defined In Module
      -----  --------------------------------   ------------------------
     000001AC  l__HOME                         
     000001BA  l__DATA                         
     000001C1  l__BASE                         
     00000200  s__CODE                         
     000002B4  l__CODE                         
     000004B4  s__HOME                         
     00000660  s__BASE                         
     00000821  s__GSINIT                       
     00000821  s__LIT                          
     00000898  l__GSINIT                       
     000010B9  s__GSINITTAIL                   
     000010BA  s__GSFINAL                      
     0000C0A0  s__DATA                         
     0000C25A  s__BSS                          
     0000C2B3  s__HEAP                         

ASxxxx Linker V03.00 + NoICE + sdld,  page 3.
Hexadecimal  [32-Bits]

Area                                    Addr        Size        Decimal Bytes (Attributes)
--------------------------------        ----        ----        ------- ----- ------------
_CODE                               00000200    000002B4 =         692. bytes (REL,CON)

      Value  Global                              Global Defined In Module
      -----  --------------------------------   ------------------------
     00000200  _performantdelay                   main
     00000210  _blankmap                          main
     00000211  _canPlayerMove                     main
     000002CE  _animateSprite                     main
     0000034D  _main                              main

ASxxxx Linker V03.00 + NoICE + sdld,  page 4.
Hexadecimal  [32-Bits]

Area                                    Addr        Size        Decimal Bytes (Attributes)
--------------------------------        ----        ----        ------- ----- ------------
_HEADER0                            00000000    00000001 =           1. bytes (ABS,CON)

      Value  Global                              Global Defined In Module
      -----  --------------------------------   ------------------------
ASxxxx Linker V03.00 + NoICE + sdld,  page 5.
Hexadecimal  [32-Bits]

Area                                    Addr        Size        Decimal Bytes (Attributes)
--------------------------------        ----        ----        ------- ----- ------------
_HEADER1                            00000000    00000010 =          16. bytes (ABS,CON)

      Value  Global                              Global Defined In Module
      -----  --------------------------------   ------------------------
ASxxxx Linker V03.00 + NoICE + sdld,  page 6.
Hexadecimal  [32-Bits]

Area                                    Addr        Size        Decimal Bytes (Attributes)
--------------------------------        ----        ----        ------- ----- ------------
_HEADER2                            00000000    00000007 =           7. bytes (ABS,CON)

      Value  Global                              Global Defined In Module
      -----  --------------------------------   ------------------------
ASxxxx Linker V03.00 + NoICE + sdld,  page 7.
Hexadecimal  [32-Bits]

Area                                    Addr        Size        Decimal Bytes (Attributes)
--------------------------------        ----        ----        ------- ----- ------------
_HEADER3                            00000000    00000007 =           7. bytes (ABS,CON)

      Value  Global                              Global Defined In Module
      -----  --------------------------------   ------------------------
ASxxxx Linker V03.00 + NoICE + sdld,  page 8.
Hexadecimal  [32-Bits]

Area                                    Addr        Size        Decimal Bytes (Attributes)
--------------------------------        ----        ----        ------- ----- ------------
_HEADER4                            00000000    00000007 =           7. bytes (ABS,CON)

      Value  Global                              Global Defined In Module
      -----  --------------------------------   ------------------------
ASxxxx Linker V03.00 + NoICE + sdld,  page 9.
Hexadecimal  [32-Bits]

Area                                    Addr        Size        Decimal Bytes (Attributes)
--------------------------------        ----        ----        ------- ----- ------------
_HEADER5                            00000000    00000007 =           7. bytes (ABS,CON)

      Value  Global                              Global Defined In Module
      -----  --------------------------------   ------------------------
ASxxxx Linker V03.00 + NoICE + sdld,  page 10.
Hexadecimal  [32-Bits]

Area                                    Addr        Size        Decimal Bytes (Attributes)
--------------------------------        ----        ----        ------- ----- ------------
_HEADER6                            00000000    0000001F =          31. bytes (ABS,CON)

      Value  Global                              Global Defined In Module
      -----  --------------------------------   ------------------------
ASxxxx Linker V03.00 + NoICE + sdld,  page 11.
Hexadecimal  [32-Bits]

Area                                    Addr        Size        Decimal Bytes (Attributes)
--------------------------------        ----        ----        ------- ----- ------------
_HEADER7                            00000000    00000034 =          52. bytes (ABS,CON)

      Value  Global                              Global Defined In Module
      -----  --------------------------------   ------------------------
ASxxxx Linker V03.00 + NoICE + sdld,  page 12.
Hexadecimal  [32-Bits]

Area                                    Addr        Size        Decimal Bytes (Attributes)
--------------------------------        ----        ----        ------- ----- ------------
_HEADER8                            00000000    00000006 =           6. bytes (ABS,CON)

      Value  Global                              Global Defined In Module
      -----  --------------------------------   ------------------------
ASxxxx Linker V03.00 + NoICE + sdld,  page 13.
Hexadecimal  [32-Bits]

Area                                    Addr        Size        Decimal Bytes (Attributes)
--------------------------------        ----        ----        ------- ----- ------------
_HEADER9                            00000000    00000003 =           3. bytes (ABS,CON)

      Value  Global                              Global Defined In Module
      -----  --------------------------------   ------------------------
ASxxxx Linker V03.00 + NoICE + sdld,  page 14.
Hexadecimal  [32-Bits]

Area                                    Addr        Size        Decimal Bytes (Attributes)
--------------------------------        ----        ----        ------- ----- ------------
_HEADERa                            00000000    00000001 =           1. bytes (ABS,CON)

      Value  Global                              Global Defined In Module
      -----  --------------------------------   ------------------------
ASxxxx Linker V03.00 + NoICE + sdld,  page 15.
Hexadecimal  [32-Bits]

Area                                    Addr        Size        Decimal Bytes (Attributes)
--------------------------------        ----        ----        ------- ----- ------------
_HEADERb                            00000000    00000001 =           1. bytes (ABS,CON)

      Value  Global                              Global Defined In Module
      -----  --------------------------------   ------------------------
ASxxxx Linker V03.00 + NoICE + sdld,  page 16.
Hexadecimal  [32-Bits]

Area                                    Addr        Size        Decimal Bytes (Attributes)
--------------------------------        ----        ----        ------- ----- ------------
_HEADERc                            00000000    00000001 =           1. bytes (ABS,CON)

      Value  Global                              Global Defined In Module
      -----  --------------------------------   ------------------------
ASxxxx Linker V03.00 + NoICE + sdld,  page 17.
Hexadecimal  [32-Bits]

Area                                    Addr        Size        Decimal Bytes (Attributes)
--------------------------------        ----        ----        ------- ----- ------------
_HEADERd                            00000000    00000002 =           2. bytes (ABS,CON)

      Value  Global                              Global Defined In Module
      -----  --------------------------------   ------------------------
ASxxxx Linker V03.00 + NoICE + sdld,  page 18.
Hexadecimal  [32-Bits]

Area                                    Addr        Size        Decimal Bytes (Attributes)
--------------------------------        ----        ----        ------- ----- ------------
_HEADERe                            00000000    00000001 =           1. bytes (ABS,CON)

      Value  Global                              Global Defined In Module
      -----  --------------------------------   ------------------------
ASxxxx Linker V03.00 + NoICE + sdld,  page 19.
Hexadecimal  [32-Bits]

Area                                    Addr        Size        Decimal Bytes (Attributes)
--------------------------------        ----        ----        ------- ----- ------------
_HEADERf                            00000000    00000001 =           1. bytes (ABS,CON)

      Value  Global                              Global Defined In Module
      -----  --------------------------------   ------------------------
ASxxxx Linker V03.00 + NoICE + sdld,  page 20.
Hexadecimal  [32-Bits]

Area                                    Addr        Size        Decimal Bytes (Attributes)
--------------------------------        ----        ----        ------- ----- ------------
_HEADER10                           00000000    00000002 =           2. bytes (ABS,CON)

      Value  Global                              Global Defined In Module
      -----  --------------------------------   ------------------------
ASxxxx Linker V03.00 + NoICE + sdld,  page 21.
Hexadecimal  [32-Bits]

Area                                    Addr        Size        Decimal Bytes (Attributes)
--------------------------------        ----        ----        ------- ----- ------------
_HEADER11                           00000000    00000085 =         133. bytes (ABS,CON)

      Value  Global                              Global Defined In Module
      -----  --------------------------------   ------------------------
     000001D2  _exit                              Runtime

ASxxxx Linker V03.00 + NoICE + sdld,  page 22.
Hexadecimal  [32-Bits]

Area                                    Addr        Size        Decimal Bytes (Attributes)
--------------------------------        ----        ----        ------- ----- ------------
_HEADER12                           00000000    00000001 =           1. bytes (ABS,CON)

      Value  Global                              Global Defined In Module
      -----  --------------------------------   ------------------------
ASxxxx Linker V03.00 + NoICE + sdld,  page 23.
Hexadecimal  [32-Bits]

Area                                    Addr        Size        Decimal Bytes (Attributes)
--------------------------------        ----        ----        ------- ----- ------------
_HOME                               000004B4    000001AC =         428. bytes (REL,CON)

      Value  Global                              Global Defined In Module
      -----  --------------------------------   ------------------------
     000004B4  .set_mode                          Runtime
     000004C4  .remove_VBL                        Runtime
     000004CA  .remove_LCD                        Runtime
     000004D0  .remove_TIM                        Runtime
     000004D6  .remove_SIO                        Runtime
     000004DC  .remove_JOY                        Runtime
     000004E2  .add_VBL                           Runtime
     000004E8  .add_LCD                           Runtime
     000004EE  .add_TIM                           Runtime
     000004F4  .add_SIO                           Runtime
     000004FA  .add_JOY                           Runtime
     00000500  .remove_int                        Runtime
     00000520  .add_int                           Runtime
     0000053C  .wait_vbl_done                     Runtime
     0000053C  _wait_vbl_done                     Runtime
     00000553  .display_off                       Runtime
     00000553  _display_off                       Runtime
     00000574  .serial_IO                         Runtime
     000005A3  _mode                              Runtime
     000005AC  _get_mode                          Runtime
     000005B1  _enable_interrupts                 Runtime
     000005B3  _disable_interrupts                Runtime
     000005B5  .reset                             Runtime
     000005B5  _reset                             Runtime
     000005BB  _set_interrupts                    Runtime
     000005C6  _remove_VBL                        Runtime
     000005D1  _remove_LCD                        Runtime
     000005DC  _remove_TIM                        Runtime
     000005E7  _remove_SIO                        Runtime
     000005F2  _remove_JOY                        Runtime
     000005FD  _add_VBL                           Runtime
     00000608  _add_LCD                           Runtime
     00000613  _add_TIM                           Runtime
     0000061E  _add_SIO                           Runtime
     00000629  _add_JOY                           Runtime
     00000634  _clock                             Runtime
     0000063D  __printTStates                     Runtime
     0000063E  banked_call                        Runtime
     00000657  banked_ret                         Runtime
ASxxxx Linker V03.00 + NoICE + sdld,  page 24.
Hexadecimal  [32-Bits]

Area                                    Addr        Size        Decimal Bytes (Attributes)
--------------------------------        ----        ----        ------- ----- ------------
_BASE                               00000660    000001C1 =         449. bytes (REL,CON)

      Value  Global                              Global Defined In Module
      -----  --------------------------------   ------------------------
     00000660  .mv_sprite                         
     0000066F  _move_sprite                       
     0000067C  _set_bkg_data                      
     0000067C  _set_win_data                      
     000006C9  _set_sprite_data                   
     000006F8  .scroll_sprite                     
     00000709  _scroll_sprite                     
     00000716  .padup                             
     00000716  _waitpadup                         
     00000726  .jpad                              
     00000753  .wait_pad                          
     0000075A  _joypad                            
     0000075F  _waitpad                           
     00000769  .set_sprite_tile                   
     00000776  _set_sprite_tile                   
     00000781  .copy_vram                         
     00000790  _get_data                          
     00000790  _set_data                          
     000007A3  _set_bkg_tiles                     
     000007B7  .set_xy_wtt                        
     000007C8  .set_xy_btt                        
     000007D7  .set_xy_tt                         
     00000808  _set_tiles                         

ASxxxx Linker V03.00 + NoICE + sdld,  page 25.
Hexadecimal  [32-Bits]

Area                                    Addr        Size        Decimal Bytes (Attributes)
--------------------------------        ----        ----        ------- ----- ------------
_GSINIT                             00000821    00000898 =        2200. bytes (REL,CON)

      Value  Global                              Global Defined In Module
      -----  --------------------------------   ------------------------
     00000821  gsinit                             Runtime

ASxxxx Linker V03.00 + NoICE + sdld,  page 26.
Hexadecimal  [32-Bits]

Area                                    Addr        Size        Decimal Bytes (Attributes)
--------------------------------        ----        ----        ------- ----- ------------
_GSINITTAIL                         000010B9    00000001 =           1. bytes (REL,CON)

      Value  Global                              Global Defined In Module
      -----  --------------------------------   ------------------------
ASxxxx Linker V03.00 + NoICE + sdld,  page 27.
Hexadecimal  [32-Bits]

Area                                    Addr        Size        Decimal Bytes (Attributes)
--------------------------------        ----        ----        ------- ----- ------------
_DATA                               0000C0A0    000001BA =         442. bytes (REL,CON)

      Value  Global                              Global Defined In Module
      -----  --------------------------------   ------------------------
     0000C0A0  _MazeSprites                       main
     0000C0E0  _MazeMap                           main
     0000C248  _Snail                             main
     0000C258  _playerlocation                    main

ASxxxx Linker V03.00 + NoICE + sdld,  page 28.
Hexadecimal  [32-Bits]

Area                                    Addr        Size        Decimal Bytes (Attributes)
--------------------------------        ----        ----        ------- ----- ------------
_BSS                                0000C25A    00000059 =          89. bytes (REL,CON)

      Value  Global                              Global Defined In Module
      -----  --------------------------------   ------------------------
     0000C25A  __cpu                              Runtime
     0000C25B  .mode                              Runtime
     0000C25C  __io_out                           Runtime
     0000C25D  __io_in                            Runtime
     0000C25E  __io_status                        Runtime
     0000C25F  .vbl_done                          Runtime
     0000C260  __current_bank                     Runtime
     0000C261  .sys_time                          Runtime
     0000C261  _sys_time                          Runtime
     0000C263  .int_0x40                          Runtime
     0000C273  .int_0x48                          Runtime
     0000C283  .int_0x50                          Runtime
     0000C293  .int_0x58                          Runtime
     0000C2A3  .int_0x60                          Runtime

ASxxxx Linker V03.00 + NoICE + sdld,  page 29.
Hexadecimal  [32-Bits]

Area                                    Addr        Size        Decimal Bytes (Attributes)
--------------------------------        ----        ----        ------- ----- ------------
_HEAP                               0000C2B3    00000000 =           0. bytes (REL,CON)

      Value  Global                              Global Defined In Module
      -----  --------------------------------   ------------------------
     0000C2B3  _malloc_heap_start                 Runtime

ASxxxx Linker V03.00 + NoICE + sdld,  page 30.

Files Linked                              [ module(s) ]

/home/bryan/develop/gbdk-n-master/bin/../lib/crt0.rel
                                          [ Runtime ]
./obj/main.rel                            [ main ]


Libraries Linked                          [ object file ]

/home/bryan/develop/gbdk-n-master/bin/../lib/gb.lib
                                          [ mv_spr.rel ]
/home/bryan/develop/gbdk-n-master/bin/../lib/gb.lib
                                          [ set_data.rel ]
/home/bryan/develop/gbdk-n-master/bin/../lib/gb.lib
                                          [ scroll_s.rel ]
/home/bryan/develop/gbdk-n-master/bin/../lib/gb.lib
                                          [ pad.rel ]
/home/bryan/develop/gbdk-n-master/bin/../lib/gb.lib
                                          [ set_spr.rel ]
/home/bryan/develop/gbdk-n-master/bin/../lib/gb.lib
                                          [ cpy_data.rel ]
/home/bryan/develop/gbdk-n-master/bin/../lib/gb.lib
                                          [ set_bk_t.rel ]
/home/bryan/develop/gbdk-n-master/bin/../lib/gb.lib
                                          [ set_xy_t.rel ]

ASxxxx Linker V03.00 + NoICE + sdld,  page 31.

User Base Address Definitions

_CODE = 0x0200
_DATA = 0xc0a0

