                              1 ;--------------------------------------------------------
                              2 ; File Created by SDCC : FreeWare ANSI-C Compiler
                              3 ; Version 2.2.1 Mon Oct 28 02:23:09 2019
                              4 
                              5 ;--------------------------------------------------------
                              6 	.module lcc670
                              7 	
                              8 ;--------------------------------------------------------
                              9 ; Public variables in this module
                             10 ;--------------------------------------------------------
                             11 	.globl _main
                             12 	.globl _performantDelay
                             13 	.globl _wait_vbl_done
                             14 	.globl _joypad
                             15 	.globl _main
                             16 	.globl _performantDelay
                             17 ;--------------------------------------------------------
                             18 ; Externals used
                             19 ;--------------------------------------------------------
                             20 	.globl _IE_REG
                             21 	.globl _SVBK_REG
                             22 	.globl _OCPD_REG
                             23 	.globl _OCPS_REG
                             24 	.globl _BCPD_REG
                             25 	.globl _BCPS_REG
                             26 	.globl _RP_REG
                             27 	.globl _HDMA5_REG
                             28 	.globl _HDMA4_REG
                             29 	.globl _HDMA3_REG
                             30 	.globl _HDMA2_REG
                             31 	.globl _HDMA1_REG
                             32 	.globl _VBK_REG
                             33 	.globl _KEY1_REG
                             34 	.globl _WX_REG
                             35 	.globl _WY_REG
                             36 	.globl _OBP1_REG
                             37 	.globl _OBP0_REG
                             38 	.globl _BGP_REG
                             39 	.globl _DMA_REG
                             40 	.globl _LYC_REG
                             41 	.globl _LY_REG
                             42 	.globl _SCX_REG
                             43 	.globl _SCY_REG
                             44 	.globl _STAT_REG
                             45 	.globl _LCDC_REG
                             46 	.globl _NR52_REG
                             47 	.globl _NR51_REG
                             48 	.globl _NR50_REG
                             49 	.globl _NR44_REG
                             50 	.globl _NR43_REG
                             51 	.globl _NR42_REG
                             52 	.globl _NR41_REG
                             53 	.globl _NR34_REG
                             54 	.globl _NR33_REG
                             55 	.globl _NR32_REG
                             56 	.globl _NR31_REG
                             57 	.globl _NR30_REG
                             58 	.globl _NR24_REG
                             59 	.globl _NR23_REG
                             60 	.globl _NR22_REG
                             61 	.globl _NR21_REG
                             62 	.globl _NR14_REG
                             63 	.globl _NR13_REG
                             64 	.globl _NR12_REG
                             65 	.globl _NR11_REG
                             66 	.globl _NR10_REG
                             67 	.globl _IF_REG
                             68 	.globl _TAC_REG
                             69 	.globl _TMA_REG
                             70 	.globl _TIMA_REG
                             71 	.globl _DIV_REG
                             72 	.globl _SC_REG
                             73 	.globl _SB_REG
                             74 	.globl _P1_REG
                             75 	.globl __io_out
                             76 	.globl __io_in
                             77 	.globl __io_status
                             78 	.globl _sys_time
                             79 	.globl __cpu
                             80 ;--------------------------------------------------------
                             81 ; special function registers
                             82 ;--------------------------------------------------------
                             83 ;--------------------------------------------------------
                             84 ; special function bits 
                             85 ;--------------------------------------------------------
                             86 ;--------------------------------------------------------
                             87 ; internal ram data
                             88 ;--------------------------------------------------------
                             89 	.area _DATA
                             90 ;--------------------------------------------------------
                             91 ; overlayable items in internal ram 
                             92 ;--------------------------------------------------------
                             93 	.area _OVERLAY
                             94 ;--------------------------------------------------------
                             95 ; indirectly addressable internal ram data
                             96 ;--------------------------------------------------------
                             97 	.area _ISEG
                             98 ;--------------------------------------------------------
                             99 ; bit data
                            100 ;--------------------------------------------------------
                            101 	.area _BSEG
                            102 ;--------------------------------------------------------
                            103 ; external ram data
                            104 ;--------------------------------------------------------
                            105 	.area _XSEG
                            106 ;--------------------------------------------------------
                            107 ; global & static initialisations
                            108 ;--------------------------------------------------------
                            109 	.area _GSINIT
                            110 	.area _GSFINAL
                            111 	.area _GSINIT
                            112 ;--------------------------------------------------------
                            113 ; Home
                            114 ;--------------------------------------------------------
                            115 	.area _HOME
                            116 	.area _CODE
                            117 ;--------------------------------------------------------
                            118 ; code
                            119 ;--------------------------------------------------------
                            120 	.area _CODE
                            121 ;	main.c 4
                            122 ; genLabel
                            123 ; genFunction
                            124 ;	---------------------------------
                            125 ; Function performantDelay
                            126 ; ---------------------------------
   0000                     127 ___performantDelay_start:
   0000                     128 _performantDelay:
   0000 C5                  129 	push	bc
                            130 	
                            131 ;	main.c 7
                            132 ; genAssign
   0001 0E 00               133 	ld	c,#0x00
                            134 ; genLabel
   0003                     135 00101$:
                            136 ; genCmpLt
                            137 ; AOP_STK for 
   0003 AF                  138 	xor	a,a
   0004 79                  139 	ld	a,c
   0005 F8 04               140 	lda	hl,4(sp)
   0007 9E                  141 	sbc	a,(hl) ; 2
   0008 D2 12 00            142 	jp	nc,00105$
                            143 ;	main.c 8
                            144 ; genCall
   000B CD 00 00            145 	call	_wait_vbl_done
                            146 ;	main.c 7
                            147 ; genPlus
                            148 ; genPlusIncr
   000E 0C                  149 	inc	c
                            150 ; genGoto
   000F C3 03 00            151 	jp	00101$
                            152 ; genLabel
   0012                     153 00105$:
                            154 ; genEndFunction
                            155 	
   0012 C1                  156 	pop	bc
   0013 C9                  157 	ret
   0014                     158 ___performantDelay_end:
                            159 ;	main.c 11
                            160 ; genLabel
                            161 ; genFunction
                            162 ;	---------------------------------
                            163 ; Function main
                            164 ; ---------------------------------
   0014                     165 ___main_start:
   0014                     166 _main:
   0014 C5                  167 	push	bc
                            168 	
                            169 ;	main.c 13
                            170 ; genAssign
                            171 ; AOP_SFR for _NR52_REG
   0015 3E 80               172 	ld	a,#0x80
   0017 E0 00               173 	ldh	(_NR52_REG+0),a
                            174 ;	main.c 14
                            175 ; genAssign
                            176 ; AOP_SFR for _NR50_REG
   0019 3E 77               177 	ld	a,#0x77
   001B E0 00               178 	ldh	(_NR50_REG+0),a
                            179 ;	main.c 15
                            180 ; genAssign
                            181 ; AOP_SFR for _NR51_REG
   001D 3E FF               182 	ld	a,#0xFF
   001F E0 00               183 	ldh	(_NR51_REG+0),a
                            184 ;	main.c 18
                            185 ; genLabel
   0021                     186 00104$:
                            187 ;	main.c 19
                            188 ; genCall
   0021 CD 00 00            189 	call	_joypad
   0024 4B                  190 	ld	c,e
                            191 ;	main.c 21
                            192 ; genIfx
                            193 ; Removed redundent or a,a
   0025 AF                  194 	xor	a,a
   0026 B1                  195 	or	a,c
   0027 CA 3E 00            196 	jp	z,00102$
                            197 ;	main.c 22
                            198 ; genAssign
                            199 ; AOP_SFR for _NR10_REG
   002A 3E 16               200 	ld	a,#0x16
   002C E0 00               201 	ldh	(_NR10_REG+0),a
                            202 ;	main.c 23
                            203 ; genAssign
                            204 ; AOP_SFR for _NR11_REG
   002E 3E 40               205 	ld	a,#0x40
   0030 E0 00               206 	ldh	(_NR11_REG+0),a
                            207 ;	main.c 24
                            208 ; genAssign
                            209 ; AOP_SFR for _NR12_REG
   0032 3E 73               210 	ld	a,#0x73
   0034 E0 00               211 	ldh	(_NR12_REG+0),a
                            212 ;	main.c 25
                            213 ; genAssign
                            214 ; AOP_SFR for _NR13_REG
   0036 3E 00               215 	ld	a,#0x00
   0038 E0 00               216 	ldh	(_NR13_REG+0),a
                            217 ;	main.c 26
                            218 ; genAssign
                            219 ; AOP_SFR for _NR14_REG
   003A 3E C3               220 	ld	a,#0xC3
   003C E0 00               221 	ldh	(_NR14_REG+0),a
                            222 ; genLabel
   003E                     223 00102$:
                            224 ;	main.c 30
                            225 ; genIpush
   003E 3E 05               226 	ld	a,#0x05
   0040 F5                  227 	push	af
   0041 33                  228 	inc	sp
                            229 ; genCall
   0042 CD 00 00            230 	call	_performantDelay
   0045 E8 01               231 	lda	sp,1(sp)
                            232 ; genGoto
   0047 C3 21 00            233 	jp	00104$
                            234 ; genLabel
   004A                     235 00106$:
                            236 ; genEndFunction
                            237 	
   004A C1                  238 	pop	bc
   004B C9                  239 	ret
   004C                     240 ___main_end:
                            241 	.area _CODE
ASxxxx Assembler V01.75  (GameBoy Z80-like CPU), page 1.

Symbol Table

    _BCPD_REG                          **** GX
    _BCPS_REG                          **** GX
    _BGP_REG                           **** GX
    _DIV_REG                           **** GX
    _DMA_REG                           **** GX
    _HDMA1_REG                         **** GX
    _HDMA2_REG                         **** GX
    _HDMA3_REG                         **** GX
    _HDMA4_REG                         **** GX
    _HDMA5_REG                         **** GX
    _IE_REG                            **** GX
    _IF_REG                            **** GX
    _KEY1_REG                          **** GX
    _LCDC_REG                          **** GX
    _LYC_REG                           **** GX
    _LY_REG                            **** GX
    _NR10_REG                          **** GX
    _NR11_REG                          **** GX
    _NR12_REG                          **** GX
    _NR13_REG                          **** GX
    _NR14_REG                          **** GX
    _NR21_REG                          **** GX
    _NR22_REG                          **** GX
    _NR23_REG                          **** GX
    _NR24_REG                          **** GX
    _NR30_REG                          **** GX
    _NR31_REG                          **** GX
    _NR32_REG                          **** GX
    _NR33_REG                          **** GX
    _NR34_REG                          **** GX
    _NR41_REG                          **** GX
    _NR42_REG                          **** GX
    _NR43_REG                          **** GX
    _NR44_REG                          **** GX
    _NR50_REG                          **** GX
    _NR51_REG                          **** GX
    _NR52_REG                          **** GX
    _OBP0_REG                          **** GX
    _OBP1_REG                          **** GX
    _OCPD_REG                          **** GX
    _OCPS_REG                          **** GX
    _P1_REG                            **** GX
    _RP_REG                            **** GX
    _SB_REG                            **** GX
    _SCX_REG                           **** GX
    _SCY_REG                           **** GX
    _SC_REG                            **** GX
    _STAT_REG                          **** GX
    _SVBK_REG                          **** GX
    _TAC_REG                           **** GX
    _TIMA_REG                          **** GX
    _TMA_REG                           **** GX
    _VBK_REG                           **** GX
    _WX_REG                            **** GX
    _WY_REG                            **** GX
  0 ___main_end                        004C R
  0 ___main_start                      0014 R
  0 ___performantDelay_end             0014 R
  0 ___performantDelay_start           0000 R
    __cpu                              **** GX
    __io_in                            **** GX
    __io_out                           **** GX
    __io_status                        **** GX
    _joypad                            **** GX
  0 _main                              0014 GR
  0 _performantDelay                   0000 GR
    _sys_time                          **** GX
    _wait_vbl_done                     **** GX

ASxxxx Assembler V01.75  (GameBoy Z80-like CPU), page 2.

Area Table

   0 _CODE                              size   4C   flags 0
   1 _DATA                              size    0   flags 0
   2 _OVERLAY                           size    0   flags 0
   3 _ISEG                              size    0   flags 0
   4 _BSEG                              size    0   flags 0
   5 _XSEG                              size    0   flags 0
   6 _GSINIT                            size    0   flags 0
   7 _GSFINAL                           size    0   flags 0
   8 _HOME                              size    0   flags 0
