AREA .  .ABS.
	RADIX HEX
	BASE 0000
	SIZE 0000
	ATTRIB ABS OVR
	GLOBALS
		l__HEAP	0000
		l__BSEG	0000
		l_.  .ABS.	0000
		l__GSFINAL	0000
		l__ISEG	0000
		s_.  .ABS.	0000
		s__HEADER	0000
		l__XSEG	0000
		.init	0000
		l__OVERLAY	0000
		l__LIT	0000
		s__SFR	0000
		l__GSINITTAIL	0001
		l__BSS	0059
		l__HOME	01AC
		l__DATA	01BA
		l__HEADER	01E1
		l__BASE	01F7
		s__CODE	0200
		l__CODE	02AA
		s__HOME	04AA
		s__BASE	0656
		s__LIT	084D
		s__GSINIT	084D
		l__GSINIT	0A50
		s__GSINITTAIL	129D
		s__GSFINAL	129E
		.OAM	C000
		s__DATA	C0A0
		s__BSS	C25A
		s__HEAP	C2B3
		s__BSEG	C2B3
		s__ISEG	C2B3
		s__XSEG	C2B3
		s__OVERLAY	C2B3
		.STACK	E000
		.refresh_OAM	FF80
		l__SFR	10000
AREA _CODE
	RADIX HEX
	BASE 0200
	SIZE 02AA
	ATTRIB REL CON
	GLOBALS
		_performantdelay	0200
		_blankmap	0214
		_canPlayerMove	0215
		_animateSprite	0268
		_main	02F7
AREA _HEADER
	RADIX HEX
	BASE 0000
	SIZE 01E1
	ATTRIB ABS OVR
	GLOBALS
		_exit	01D2
AREA _HOME
	RADIX HEX
	BASE 04AA
	SIZE 01AC
	ATTRIB REL CON
	GLOBALS
		.set_mode	04AA
		.remove_VBL	04BA
		.remove_LCD	04C0
		.remove_TIM	04C6
		.remove_SIO	04CC
		.remove_JOY	04D2
		.add_VBL	04D8
		.add_LCD	04DE
		.add_TIM	04E4
		.add_SIO	04EA
		.add_JOY	04F0
		.remove_int	04F6
		.add_int	0516
		.wait_vbl_done	0532
		_wait_vbl_done	0532
		_display_off	0549
		.display_off	0549
		.serial_IO	056A
		_mode	0599
		_get_mode	05A2
		_enable_interrupts	05A7
		_disable_interrupts	05A9
		_reset	05AB
		.reset	05AB
		_set_interrupts	05B1
		_remove_VBL	05BC
		_remove_LCD	05C7
		_remove_TIM	05D2
		_remove_SIO	05DD
		_remove_JOY	05E8
		_add_VBL	05F3
		_add_LCD	05FE
		_add_TIM	0609
		_add_SIO	0614
		_add_JOY	061F
		_clock	062A
		__printTStates	0633
		banked_call	0634
		banked_ret	064D
AREA _BASE
	RADIX HEX
	BASE 0656
	SIZE 01F7
	ATTRIB REL CON
	GLOBALS
		.mv_sprite	0656
		_move_sprite	0665
		__mulschar	0672
		__muluchar	0672
		__mulsint	067E
		__muluint	067E
		.mulu16	0692
		.mul16	0692
		_set_win_data	06A8
		_set_bkg_data	06A8
		_set_sprite_data	06F5
		.scroll_sprite	0724
		_scroll_sprite	0735
		.padup	0742
		_waitpadup	0742
		.jpad	0752
		.wait_pad	077F
		_joypad	0786
		_waitpad	078B
		.set_sprite_tile	0795
		_set_sprite_tile	07A2
		.copy_vram	07AD
		_get_data	07BC
		_set_data	07BC
		_set_bkg_tiles	07CF
		.set_xy_wtt	07E3
		.set_xy_btt	07F4
		.set_xy_tt	0803
		_set_tiles	0834
AREA _LIT
	RADIX HEX
	BASE 084D
	SIZE 0000
	ATTRIB REL CON
AREA _GSINIT
	RADIX HEX
	BASE 084D
	SIZE 0A50
	ATTRIB REL CON
	GLOBALS
		gsinit	084D
AREA _GSINITTAIL
	RADIX HEX
	BASE 129D
	SIZE 0001
	ATTRIB REL CON
AREA _GSFINAL
	RADIX HEX
	BASE 129E
	SIZE 0000
	ATTRIB REL CON
AREA _DATA
	RADIX HEX
	BASE C0A0
	SIZE 01BA
	ATTRIB REL CON
	GLOBALS
		_MazeSprites	C0A0
		_MazeMap	C0E0
		_Snail	C248
		_playerlocation	C258
AREA _BSS
	RADIX HEX
	BASE C25A
	SIZE 0059
	ATTRIB REL CON
	GLOBALS
		__cpu	C25A
		.mode	C25B
		__io_out	C25C
		__io_in	C25D
		__io_status	C25E
		.vbl_done	C25F
		__current_bank	C260
		_sys_time	C261
		.sys_time	C261
		.int_0x40	C263
		.int_0x48	C273
		.int_0x50	C283
		.int_0x58	C293
		.int_0x60	C2A3
AREA _HEAP
	RADIX HEX
	BASE C2B3
	SIZE 0000
	ATTRIB REL CON
	GLOBALS
		_malloc_heap_start	C2B3
AREA _OVERLAY
	RADIX HEX
	BASE C2B3
	SIZE 0000
	ATTRIB REL CON
AREA _ISEG
	RADIX HEX
	BASE C2B3
	SIZE 0000
	ATTRIB REL CON
AREA _BSEG
	RADIX HEX
	BASE C2B3
	SIZE 0000
	ATTRIB REL CON
AREA _XSEG
	RADIX HEX
	BASE C2B3
	SIZE 0000
	ATTRIB REL CON
AREA _SFR
	RADIX HEX
	BASE 0000
	SIZE 10000
	ATTRIB ABS OVR
	GLOBALS
		_P1_REG	FF00
		_SB_REG	FF01
		_SC_REG	FF02
		_DIV_REG	FF04
		_TIMA_REG	FF05
		_TMA_REG	FF06
		_TAC_REG	FF07
		_IF_REG	FF0F
		_NR10_REG	FF10
		_NR11_REG	FF11
		_NR12_REG	FF12
		_NR13_REG	FF13
		_NR14_REG	FF14
		_NR21_REG	FF16
		_NR22_REG	FF17
		_NR23_REG	FF18
		_NR24_REG	FF19
		_NR30_REG	FF1A
		_NR31_REG	FF1B
		_NR32_REG	FF1C
		_NR33_REG	FF1D
		_NR34_REG	FF1E
		_NR41_REG	FF20
		_NR42_REG	FF21
		_NR43_REG	FF22
		_NR44_REG	FF23
		_NR50_REG	FF24
		_NR51_REG	FF25
		_NR52_REG	FF26
		_LCDC_REG	FF40
		_STAT_REG	FF41
		_SCY_REG	FF42
		_SCX_REG	FF43
		_LY_REG	FF44
		_LYC_REG	FF45
		_DMA_REG	FF46
		_BGP_REG	FF47
		_OBP0_REG	FF48
		_OBP1_REG	FF49
		_WY_REG	FF4A
		_WX_REG	FF4B
		_KEY1_REG	FF4D
		_VBK_REG	FF4F
		_HDMA1_REG	FF51
		_HDMA2_REG	FF52
		_HDMA3_REG	FF53
		_HDMA4_REG	FF54
		_HDMA5_REG	FF55
		_RP_REG	FF56
		_BCPS_REG	FF68
		_BCPD_REG	FF69
		_OCPS_REG	FF6A
		_OCPD_REG	FF6B
		_SVBK_REG	FF70
		_IE_REG	FFFF
MODULES
	FILE c:\gbdk\lib/small/asxxxx/gb/crt0.o
		NAME Runtime
	FILE main.o
		NAME lcc9600
LIBRARIES
	LIBRARY c:\gbdk\lib/small/asxxxx/gb/gb.lib
		MODULE sfr.o
	LIBRARY c:\gbdk\lib/small/asxxxx/gb/gb.lib
		MODULE mv_spr.o
	LIBRARY c:\gbdk\lib/small/asxxxx/gbz80/gbz80.lib
		MODULE mul.o
	LIBRARY c:\gbdk\lib/small/asxxxx/gb/gb.lib
		MODULE set_data.o
	LIBRARY c:\gbdk\lib/small/asxxxx/gb/gb.lib
		MODULE scroll_s.o
	LIBRARY c:\gbdk\lib/small/asxxxx/gb/gb.lib
		MODULE pad.o
	LIBRARY c:\gbdk\lib/small/asxxxx/gb/gb.lib
		MODULE set_spr.o
	LIBRARY c:\gbdk\lib/small/asxxxx/gb/gb.lib
		MODULE cpy_data.o
	LIBRARY c:\gbdk\lib/small/asxxxx/gb/gb.lib
		MODULE set_bk_t.o
	LIBRARY c:\gbdk\lib/small/asxxxx/gb/gb.lib
		MODULE set_xy_t.o
USERBASEDEF
	_CODE=0x0200
	_DATA=0xC0A0
	_CODE_1=0x4000
USERGLOBALDEF
	.OAM=0xC000
	.STACK=0xE000
	.refresh_OAM=0xFF80
	.init=0x0000
