ASxxxx Linker V03.00 + NoICE + sdld,  page 1.
Hexadecimal  [32-Bits]

Area                                    Addr        Size        Decimal Bytes (Attributes)
--------------------------------        ----        ----        ------- ----- ------------
.  .ABS.                            00000000    00000000 =           0. bytes (ABS,CON)

      Value  Global                              Global Defined In Module
      -----  --------------------------------   ------------------------
     00000000  .__.ABS.                           
     00000000  l__CABS                         
     00000000  l__DABS                         
     00000000  l__GSFINAL                      
     00000000  l__HEADER                       
     00000000  l__HEAP                         
     00000000  l__LIT                          
     00000000  s__CABS                         
     00000000  s__DABS                         
     00000000  s__HEADER                       
     00000000  s__HEADER0                      
     00000000  s__HEADER1                      
     00000000  s__HEADER10                     
     00000000  s__HEADER11                     
     00000000  s__HEADER12                     
     00000000  s__HEADER2                      
     00000000  s__HEADER3                      
     00000000  s__HEADER4                      
     00000000  s__HEADER5                      
     00000000  s__HEADER6                      
     00000000  s__HEADER7                      
     00000000  s__HEADER8                      
     00000000  s__HEADER9                      
     00000000  s__HEADERa                      
     00000000  s__HEADERb                      
     00000000  s__HEADERc                      
     00000000  s__HEADERd                      
     00000000  s__HEADERe                      
     00000000  s__HEADERf                      
     00000001  l__GSINITTAIL                   
     00000001  l__HEADER0                      
     00000001  l__HEADER12                     
     00000001  l__HEADERa                      
     00000001  l__HEADERb                      
     00000001  l__HEADERc                      
     00000001  l__HEADERe                      
     00000001  l__HEADERf                      
     00000002  l__HEADER10                     
     00000002  l__HEADERd                      
     00000003  l__HEADER9                      
     00000006  l__HEADER8                      
     00000007  l__HEADER2                      
     00000007  l__HEADER3                      
     00000007  l__HEADER4                      
     00000007  l__HEADER5                      
     00000010  l__HEADER1                      
     0000001F  l__HEADER6                      
     00000034  l__HEADER7                      
     00000059  l__BSS                          
     00000085  l__HEADER11                     
ASxxxx Linker V03.00 + NoICE + sdld,  page 2.
Hexadecimal  [32-Bits]

Area                                    Addr        Size        Decimal Bytes (Attributes)
--------------------------------        ----        ----        ------- ----- ------------
.  .ABS.                            00000000    00000000 =           0. bytes (ABS,CON)

      Value  Global                              Global Defined In Module
      -----  --------------------------------   ------------------------
     000001A3  l__BASE                         
     000001AC  l__HOME                         
     00000200  s__CODE                         
     0000029B  l__DATA                         
     00000550  l__CODE                         
     00000750  s__HOME                         
     000008FC  s__BASE                         
     00000A9F  s__GSINIT                       
     00000A9F  s__LIT                          
     00000CB2  l__GSINIT                       
     00001751  s__GSINITTAIL                   
     00001752  s__GSFINAL                      
     0000C0A0  s__DATA                         
     0000C33B  s__BSS                          
     0000C394  s__HEAP                         

ASxxxx Linker V03.00 + NoICE + sdld,  page 3.
Hexadecimal  [32-Bits]

Area                                    Addr        Size        Decimal Bytes (Attributes)
--------------------------------        ----        ----        ------- ----- ------------
_CODE                               00000200    00000550 =        1360. bytes (REL,CON)

      Value  Global                              Global Defined In Module
      -----  --------------------------------   ------------------------
     00000200  _performantDelay                   main
     00000210  _blankMap                          main
     00000211  _updateKeys                        main
     00000223  _keyPressed                        main
     0000022C  _keyTicked                         main
     00000244  _keyReleased                       main
     0000025C  _anyKey                            main
     0000025D  _gameBallSprite01a                 main
     00000282  _gameBallSprite01b                 main
     000002A7  _gameBallSprite02                  main
     000002CC  _gameBallSprite03                  main
     000002F1  _moveGameCharacter                 main
     0000036F  _setupBallSprite01                 main
     000003E4  _canPlayerMove                     main
     000004A0  _jumpSound                         main
     000004B6  _wouldHitSurf                      main
     000004C4  _jump                              main
     0000052E  _ballMoveX                         main
     00000585  _ballAfterJumpMoving               main
     000005AD  _main                              main

ASxxxx Linker V03.00 + NoICE + sdld,  page 4.
Hexadecimal  [32-Bits]

Area                                    Addr        Size        Decimal Bytes (Attributes)
--------------------------------        ----        ----        ------- ----- ------------
_HEADER0                            00000000    00000001 =           1. bytes (ABS,CON)

      Value  Global                              Global Defined In Module
      -----  --------------------------------   ------------------------
ASxxxx Linker V03.00 + NoICE + sdld,  page 5.
Hexadecimal  [32-Bits]

Area                                    Addr        Size        Decimal Bytes (Attributes)
--------------------------------        ----        ----        ------- ----- ------------
_HEADER1                            00000000    00000010 =          16. bytes (ABS,CON)

      Value  Global                              Global Defined In Module
      -----  --------------------------------   ------------------------
ASxxxx Linker V03.00 + NoICE + sdld,  page 6.
Hexadecimal  [32-Bits]

Area                                    Addr        Size        Decimal Bytes (Attributes)
--------------------------------        ----        ----        ------- ----- ------------
_HEADER2                            00000000    00000007 =           7. bytes (ABS,CON)

      Value  Global                              Global Defined In Module
      -----  --------------------------------   ------------------------
ASxxxx Linker V03.00 + NoICE + sdld,  page 7.
Hexadecimal  [32-Bits]

Area                                    Addr        Size        Decimal Bytes (Attributes)
--------------------------------        ----        ----        ------- ----- ------------
_HEADER3                            00000000    00000007 =           7. bytes (ABS,CON)

      Value  Global                              Global Defined In Module
      -----  --------------------------------   ------------------------
ASxxxx Linker V03.00 + NoICE + sdld,  page 8.
Hexadecimal  [32-Bits]

Area                                    Addr        Size        Decimal Bytes (Attributes)
--------------------------------        ----        ----        ------- ----- ------------
_HEADER4                            00000000    00000007 =           7. bytes (ABS,CON)

      Value  Global                              Global Defined In Module
      -----  --------------------------------   ------------------------
ASxxxx Linker V03.00 + NoICE + sdld,  page 9.
Hexadecimal  [32-Bits]

Area                                    Addr        Size        Decimal Bytes (Attributes)
--------------------------------        ----        ----        ------- ----- ------------
_HEADER5                            00000000    00000007 =           7. bytes (ABS,CON)

      Value  Global                              Global Defined In Module
      -----  --------------------------------   ------------------------
ASxxxx Linker V03.00 + NoICE + sdld,  page 10.
Hexadecimal  [32-Bits]

Area                                    Addr        Size        Decimal Bytes (Attributes)
--------------------------------        ----        ----        ------- ----- ------------
_HEADER6                            00000000    0000001F =          31. bytes (ABS,CON)

      Value  Global                              Global Defined In Module
      -----  --------------------------------   ------------------------
ASxxxx Linker V03.00 + NoICE + sdld,  page 11.
Hexadecimal  [32-Bits]

Area                                    Addr        Size        Decimal Bytes (Attributes)
--------------------------------        ----        ----        ------- ----- ------------
_HEADER7                            00000000    00000034 =          52. bytes (ABS,CON)

      Value  Global                              Global Defined In Module
      -----  --------------------------------   ------------------------
ASxxxx Linker V03.00 + NoICE + sdld,  page 12.
Hexadecimal  [32-Bits]

Area                                    Addr        Size        Decimal Bytes (Attributes)
--------------------------------        ----        ----        ------- ----- ------------
_HEADER8                            00000000    00000006 =           6. bytes (ABS,CON)

      Value  Global                              Global Defined In Module
      -----  --------------------------------   ------------------------
ASxxxx Linker V03.00 + NoICE + sdld,  page 13.
Hexadecimal  [32-Bits]

Area                                    Addr        Size        Decimal Bytes (Attributes)
--------------------------------        ----        ----        ------- ----- ------------
_HEADER9                            00000000    00000003 =           3. bytes (ABS,CON)

      Value  Global                              Global Defined In Module
      -----  --------------------------------   ------------------------
ASxxxx Linker V03.00 + NoICE + sdld,  page 14.
Hexadecimal  [32-Bits]

Area                                    Addr        Size        Decimal Bytes (Attributes)
--------------------------------        ----        ----        ------- ----- ------------
_HEADERa                            00000000    00000001 =           1. bytes (ABS,CON)

      Value  Global                              Global Defined In Module
      -----  --------------------------------   ------------------------
ASxxxx Linker V03.00 + NoICE + sdld,  page 15.
Hexadecimal  [32-Bits]

Area                                    Addr        Size        Decimal Bytes (Attributes)
--------------------------------        ----        ----        ------- ----- ------------
_HEADERb                            00000000    00000001 =           1. bytes (ABS,CON)

      Value  Global                              Global Defined In Module
      -----  --------------------------------   ------------------------
ASxxxx Linker V03.00 + NoICE + sdld,  page 16.
Hexadecimal  [32-Bits]

Area                                    Addr        Size        Decimal Bytes (Attributes)
--------------------------------        ----        ----        ------- ----- ------------
_HEADERc                            00000000    00000001 =           1. bytes (ABS,CON)

      Value  Global                              Global Defined In Module
      -----  --------------------------------   ------------------------
ASxxxx Linker V03.00 + NoICE + sdld,  page 17.
Hexadecimal  [32-Bits]

Area                                    Addr        Size        Decimal Bytes (Attributes)
--------------------------------        ----        ----        ------- ----- ------------
_HEADERd                            00000000    00000002 =           2. bytes (ABS,CON)

      Value  Global                              Global Defined In Module
      -----  --------------------------------   ------------------------
ASxxxx Linker V03.00 + NoICE + sdld,  page 18.
Hexadecimal  [32-Bits]

Area                                    Addr        Size        Decimal Bytes (Attributes)
--------------------------------        ----        ----        ------- ----- ------------
_HEADERe                            00000000    00000001 =           1. bytes (ABS,CON)

      Value  Global                              Global Defined In Module
      -----  --------------------------------   ------------------------
ASxxxx Linker V03.00 + NoICE + sdld,  page 19.
Hexadecimal  [32-Bits]

Area                                    Addr        Size        Decimal Bytes (Attributes)
--------------------------------        ----        ----        ------- ----- ------------
_HEADERf                            00000000    00000001 =           1. bytes (ABS,CON)

      Value  Global                              Global Defined In Module
      -----  --------------------------------   ------------------------
ASxxxx Linker V03.00 + NoICE + sdld,  page 20.
Hexadecimal  [32-Bits]

Area                                    Addr        Size        Decimal Bytes (Attributes)
--------------------------------        ----        ----        ------- ----- ------------
_HEADER10                           00000000    00000002 =           2. bytes (ABS,CON)

      Value  Global                              Global Defined In Module
      -----  --------------------------------   ------------------------
ASxxxx Linker V03.00 + NoICE + sdld,  page 21.
Hexadecimal  [32-Bits]

Area                                    Addr        Size        Decimal Bytes (Attributes)
--------------------------------        ----        ----        ------- ----- ------------
_HEADER11                           00000000    00000085 =         133. bytes (ABS,CON)

      Value  Global                              Global Defined In Module
      -----  --------------------------------   ------------------------
     000001D2  _exit                              Runtime

ASxxxx Linker V03.00 + NoICE + sdld,  page 22.
Hexadecimal  [32-Bits]

Area                                    Addr        Size        Decimal Bytes (Attributes)
--------------------------------        ----        ----        ------- ----- ------------
_HEADER12                           00000000    00000001 =           1. bytes (ABS,CON)

      Value  Global                              Global Defined In Module
      -----  --------------------------------   ------------------------
ASxxxx Linker V03.00 + NoICE + sdld,  page 23.
Hexadecimal  [32-Bits]

Area                                    Addr        Size        Decimal Bytes (Attributes)
--------------------------------        ----        ----        ------- ----- ------------
_HOME                               00000750    000001AC =         428. bytes (REL,CON)

      Value  Global                              Global Defined In Module
      -----  --------------------------------   ------------------------
     00000750  .set_mode                          Runtime
     00000760  .remove_VBL                        Runtime
     00000766  .remove_LCD                        Runtime
     0000076C  .remove_TIM                        Runtime
     00000772  .remove_SIO                        Runtime
     00000778  .remove_JOY                        Runtime
     0000077E  .add_VBL                           Runtime
     00000784  .add_LCD                           Runtime
     0000078A  .add_TIM                           Runtime
     00000790  .add_SIO                           Runtime
     00000796  .add_JOY                           Runtime
     0000079C  .remove_int                        Runtime
     000007BC  .add_int                           Runtime
     000007D8  .wait_vbl_done                     Runtime
     000007D8  _wait_vbl_done                     Runtime
     000007EF  .display_off                       Runtime
     000007EF  _display_off                       Runtime
     00000810  .serial_IO                         Runtime
     0000083F  _mode                              Runtime
     00000848  _get_mode                          Runtime
     0000084D  _enable_interrupts                 Runtime
     0000084F  _disable_interrupts                Runtime
     00000851  .reset                             Runtime
     00000851  _reset                             Runtime
     00000857  _set_interrupts                    Runtime
     00000862  _remove_VBL                        Runtime
     0000086D  _remove_LCD                        Runtime
     00000878  _remove_TIM                        Runtime
     00000883  _remove_SIO                        Runtime
     0000088E  _remove_JOY                        Runtime
     00000899  _add_VBL                           Runtime
     000008A4  _add_LCD                           Runtime
     000008AF  _add_TIM                           Runtime
     000008BA  _add_SIO                           Runtime
     000008C5  _add_JOY                           Runtime
     000008D0  _clock                             Runtime
     000008D9  __printTStates                     Runtime
     000008DA  banked_call                        Runtime
     000008F3  banked_ret                         Runtime
ASxxxx Linker V03.00 + NoICE + sdld,  page 24.
Hexadecimal  [32-Bits]

Area                                    Addr        Size        Decimal Bytes (Attributes)
--------------------------------        ----        ----        ------- ----- ------------
_BASE                               000008FC    000001A3 =         419. bytes (REL,CON)

      Value  Global                              Global Defined In Module
      -----  --------------------------------   ------------------------
     000008FC  .mv_sprite                         
     0000090B  _move_sprite                       
     00000918  _set_bkg_data                      
     00000918  _set_win_data                      
     00000965  _set_sprite_data                   
     00000994  .padup                             
     00000994  _waitpadup                         
     000009A4  .jpad                              
     000009D1  .wait_pad                          
     000009D8  _joypad                            
     000009DD  _waitpad                           
     000009E7  .set_sprite_tile                   
     000009F4  _set_sprite_tile                   
     000009FF  .copy_vram                         
     00000A0E  _get_data                          
     00000A0E  _set_data                          
     00000A21  _set_bkg_tiles                     
     00000A35  .set_xy_wtt                        
     00000A46  .set_xy_btt                        
     00000A55  .set_xy_tt                         
     00000A86  _set_tiles                         
ASxxxx Linker V03.00 + NoICE + sdld,  page 25.
Hexadecimal  [32-Bits]

Area                                    Addr        Size        Decimal Bytes (Attributes)
--------------------------------        ----        ----        ------- ----- ------------
_GSINIT                             00000A9F    00000CB2 =        3250. bytes (REL,CON)

      Value  Global                              Global Defined In Module
      -----  --------------------------------   ------------------------
     00000A9F  gsinit                             Runtime

ASxxxx Linker V03.00 + NoICE + sdld,  page 26.
Hexadecimal  [32-Bits]

Area                                    Addr        Size        Decimal Bytes (Attributes)
--------------------------------        ----        ----        ------- ----- ------------
_GSINITTAIL                         00001751    00000001 =           1. bytes (REL,CON)

      Value  Global                              Global Defined In Module
      -----  --------------------------------   ------------------------
ASxxxx Linker V03.00 + NoICE + sdld,  page 27.
Hexadecimal  [32-Bits]

Area                                    Addr        Size        Decimal Bytes (Attributes)
--------------------------------        ----        ----        ------- ----- ------------
_DATA                               0000C0A0    0000029B =         667. bytes (REL,CON)

      Value  Global                              Global Defined In Module
      -----  --------------------------------   ------------------------
     0000C0A0  _ballSprite                        main
     0000C190  _levelTile                         main
     0000C1C0  _levelMap                          main
     0000C328  _keyPressed_A                      main
     0000C329  _keyPressed_RIGHT                  main
     0000C32A  _keyPressed_LEFT                   main
     0000C32B  _jumping                           main
     0000C32C  _gravity                           main
     0000C32D  _floorYPosition                    main
     0000C32E  _possibleYSurface                  main
     0000C32F  _timerAnimation                    main
     0000C330  _currentSpeedY                     main
     0000C331  _previousKeys                      main
     0000C332  _keys                              main
     0000C333  _ballSprite01                      main
ASxxxx Linker V03.00 + NoICE + sdld,  page 28.
Hexadecimal  [32-Bits]

Area                                    Addr        Size        Decimal Bytes (Attributes)
--------------------------------        ----        ----        ------- ----- ------------
_BSS                                0000C33B    00000059 =          89. bytes (REL,CON)

      Value  Global                              Global Defined In Module
      -----  --------------------------------   ------------------------
     0000C33B  __cpu                              Runtime
     0000C33C  .mode                              Runtime
     0000C33D  __io_out                           Runtime
     0000C33E  __io_in                            Runtime
     0000C33F  __io_status                        Runtime
     0000C340  .vbl_done                          Runtime
     0000C341  __current_bank                     Runtime
     0000C342  .sys_time                          Runtime
     0000C342  _sys_time                          Runtime
     0000C344  .int_0x40                          Runtime
     0000C354  .int_0x48                          Runtime
     0000C364  .int_0x50                          Runtime
     0000C374  .int_0x58                          Runtime
     0000C384  .int_0x60                          Runtime

ASxxxx Linker V03.00 + NoICE + sdld,  page 29.
Hexadecimal  [32-Bits]

Area                                    Addr        Size        Decimal Bytes (Attributes)
--------------------------------        ----        ----        ------- ----- ------------
_HEAP                               0000C394    00000000 =           0. bytes (REL,CON)

      Value  Global                              Global Defined In Module
      -----  --------------------------------   ------------------------
     0000C394  _malloc_heap_start                 Runtime

ASxxxx Linker V03.00 + NoICE + sdld,  page 30.

Files Linked                              [ module(s) ]

/home/bryan/develop/gbdk-n-master/bin/../lib/crt0.rel
                                          [ Runtime ]
./obj/main.rel                            [ main ]


Libraries Linked                          [ object file ]

/home/bryan/develop/gbdk-n-master/bin/../lib/gb.lib
                                          [ mv_spr.rel ]
/home/bryan/develop/gbdk-n-master/bin/../lib/gb.lib
                                          [ set_data.rel ]
/home/bryan/develop/gbdk-n-master/bin/../lib/gb.lib
                                          [ pad.rel ]
/home/bryan/develop/gbdk-n-master/bin/../lib/gb.lib
                                          [ set_spr.rel ]
/home/bryan/develop/gbdk-n-master/bin/../lib/gb.lib
                                          [ cpy_data.rel ]
/home/bryan/develop/gbdk-n-master/bin/../lib/gb.lib
                                          [ set_bk_t.rel ]
/home/bryan/develop/gbdk-n-master/bin/../lib/gb.lib
                                          [ set_xy_t.rel ]

ASxxxx Linker V03.00 + NoICE + sdld,  page 31.

User Base Address Definitions

_CODE = 0x0200
_DATA = 0xc0a0

