                              1 ;--------------------------------------------------------
                              2 ; File Created by SDCC : FreeWare ANSI-C Compiler
                              3 ; Version 2.3.1 Sat Dec 14 19:31:06 2019
                              4 
                              5 ;--------------------------------------------------------
                              6 	.module lcc189440
                              7 	
                              8 ;--------------------------------------------------------
                              9 ; Public variables in this module
                             10 ;--------------------------------------------------------
                             11 	.globl _song0
                             12 	.globl _song_Data
                             13 ;--------------------------------------------------------
                             14 ; special function registers
                             15 ;--------------------------------------------------------
                             16 ;--------------------------------------------------------
                             17 ; special function bits 
                             18 ;--------------------------------------------------------
                             19 ;--------------------------------------------------------
                             20 ; internal ram data
                             21 ;--------------------------------------------------------
                             22 	.area _DATA
   0000                      23 _song_Data::
   0000                      24 	.ds 8
                             25 ;--------------------------------------------------------
                             26 ; overlayable items in internal ram 
                             27 ;--------------------------------------------------------
                             28 	.area _OVERLAY
                             29 ;--------------------------------------------------------
                             30 ; indirectly addressable internal ram data
                             31 ;--------------------------------------------------------
                             32 	.area _ISEG
                             33 ;--------------------------------------------------------
                             34 ; bit data
                             35 ;--------------------------------------------------------
                             36 	.area _BSEG
                             37 ;--------------------------------------------------------
                             38 ; external ram data
                             39 ;--------------------------------------------------------
                             40 	.area _XSEG
                             41 ;--------------------------------------------------------
                             42 ; global & static initialisations
                             43 ;--------------------------------------------------------
                             44 	.area _GSINIT
                             45 	.area _GSFINAL
                             46 	.area _GSINIT
                             47 ;	output.c 79
                             48 ;	genAssign (pointer)
   0000 11 00 00             49 	ld	de,#_song_Data
   0003 3E 00                50 	ld	a,#<_song0
   0005 12                   51 	ld	(de),a
   0006 13                   52 	inc	de
   0007 3E 00                53 	ld	a,#>_song0
   0009 12                   54 	ld	(de),a
                             55 ;	genPlus
                             56 ;	genPlusIncr
   000A 21 02 00             57 	ld	hl,#_song_Data + 2
                             58 ;	genAssign (pointer)
   000D 5D                   59 	ld	e,l
   000E 54                   60 	ld	d,h
   000F 3E 00                61 	ld	a,#<_song0
   0011 12                   62 	ld	(de),a
   0012 13                   63 	inc	de
   0013 3E 00                64 	ld	a,#>_song0
   0015 12                   65 	ld	(de),a
                             66 ;	genPlus
                             67 ;	genPlusIncr
   0016 23                   68 	inc	hl
   0017 23                   69 	inc	hl
                             70 ;	genAssign (pointer)
   0018 5D                   71 	ld	e,l
   0019 54                   72 	ld	d,h
   001A 3E 00                73 	ld	a,#<_song0
   001C 12                   74 	ld	(de),a
   001D 13                   75 	inc	de
   001E 3E 00                76 	ld	a,#>_song0
   0020 12                   77 	ld	(de),a
                             78 ;	genPlus
                             79 ;	genPlusIncr
   0021 23                   80 	inc	hl
   0022 23                   81 	inc	hl
                             82 ;	genAssign (pointer)
   0023 5D                   83 	ld	e,l
   0024 54                   84 	ld	d,h
   0025 3E 00                85 	ld	a,#0x00
   0027 12                   86 	ld	(de),a
   0028 13                   87 	inc	de
   0029 3E 00                88 	ld	a,#0x00
   002B 12                   89 	ld	(de),a
                             90 ;--------------------------------------------------------
                             91 ; Home
                             92 ;--------------------------------------------------------
                             93 	.area _HOME
                             94 	.area _CODE
                             95 ;--------------------------------------------------------
                             96 ; code
                             97 ;--------------------------------------------------------
                             98 	.area _CODE_2
                             99 	.area _CODE_2
   0000                     100 _song0:
   0000 98                  101 	.db #0x98
   0001 2F                  102 	.db #0x2F
   0002 00                  103 	.db #0x00
   0003 8C                  104 	.db #0x8C
   0004 14                  105 	.db #0x14
   0005 88                  106 	.db #0x88
   0006 0F                  107 	.db #0x0F
   0007 20                  108 	.db #0x20
   0008 00                  109 	.db #0x00
   0009 00                  110 	.db #0x00
   000A 28                  111 	.db #0x28
   000B 98                  112 	.db #0x98
   000C 2F                  113 	.db #0x2F
   000D 00                  114 	.db #0x00
   000E 22                  115 	.db #0x22
   000F 20                  116 	.db #0x20
   0010 00                  117 	.db #0x00
   0011 00                  118 	.db #0x00
   0012 20                  119 	.db #0x20
   0013 00                  120 	.db #0x00
   0014 98                  121 	.db #0x98
   0015 2F                  122 	.db #0x2F
   0016 00                  123 	.db #0x00
   0017 8C                  124 	.db #0x8C
   0018 14                  125 	.db #0x14
   0019 88                  126 	.db #0x88
   001A 0F                  127 	.db #0x0F
   001B 00                  128 	.db #0x00
   001C 00                  129 	.db #0x00
   001D 00                  130 	.db #0x00
   001E 28                  131 	.db #0x28
   001F 98                  132 	.db #0x98
   0020 2F                  133 	.db #0x2F
   0021 00                  134 	.db #0x00
   0022 22                  135 	.db #0x22
   0023 20                  136 	.db #0x20
   0024 20                  137 	.db #0x20
   0025 00                  138 	.db #0x00
   0026 20                  139 	.db #0x20
   0027 00                  140 	.db #0x00
   0028 99                  141 	.db #0x99
   0029 2F                  142 	.db #0x2F
   002A 00                  143 	.db #0x00
   002B 8E                  144 	.db #0x8E
   002C 14                  145 	.db #0x14
   002D 88                  146 	.db #0x88
   002E 0F                  147 	.db #0x0F
   002F 20                  148 	.db #0x20
   0030 00                  149 	.db #0x00
   0031 00                  150 	.db #0x00
   0032 28                  151 	.db #0x28
   0033 98                  152 	.db #0x98
   0034 2F                  153 	.db #0x2F
   0035 00                  154 	.db #0x00
   0036 8C                  155 	.db #0x8C
   0037 14                  156 	.db #0x14
   0038 20                  157 	.db #0x20
   0039 20                  158 	.db #0x20
   003A 00                  159 	.db #0x00
   003B 22                  160 	.db #0x22
   003C 00                  161 	.db #0x00
   003D 00                  162 	.db #0x00
   003E 00                  163 	.db #0x00
   003F 20                  164 	.db #0x20
   0040 88                  165 	.db #0x88
   0041 0F                  166 	.db #0x0F
   0042 00                  167 	.db #0x00
   0043 00                  168 	.db #0x00
   0044 00                  169 	.db #0x00
   0045 28                  170 	.db #0x28
   0046 98                  171 	.db #0x98
   0047 2F                  172 	.db #0x2F
   0048 00                  173 	.db #0x00
   0049 8C                  174 	.db #0x8C
   004A 14                  175 	.db #0x14
   004B 20                  176 	.db #0x20
   004C 20                  177 	.db #0x20
   004D 00                  178 	.db #0x00
   004E 00                  179 	.db #0x00
   004F 00                  180 	.db #0x00
   0050 00                  181 	.db #0x00
   0051 00                  182 	.db #0x00
   0052 22                  183 	.db #0x22
   0053 88                  184 	.db #0x88
   0054 0F                  185 	.db #0x0F
   0055 00                  186 	.db #0x00
   0056 00                  187 	.db #0x00
   0057 20                  188 	.db #0x20
   0058 28                  189 	.db #0x28
   0059 98                  190 	.db #0x98
   005A 2F                  191 	.db #0x2F
   005B 00                  192 	.db #0x00
   005C 8C                  193 	.db #0x8C
   005D 14                  194 	.db #0x14
   005E 20                  195 	.db #0x20
   005F 20                  196 	.db #0x20
   0060 00                  197 	.db #0x00
   0061 00                  198 	.db #0x00
   0062 00                  199 	.db #0x00
   0063 00                  200 	.db #0x00
   0064 00                  201 	.db #0x00
   0065 22                  202 	.db #0x22
   0066 88                  203 	.db #0x88
   0067 0F                  204 	.db #0x0F
   0068 00                  205 	.db #0x00
   0069 00                  206 	.db #0x00
   006A 20                  207 	.db #0x20
   006B 28                  208 	.db #0x28
   006C 98                  209 	.db #0x98
   006D 2F                  210 	.db #0x2F
   006E 00                  211 	.db #0x00
   006F 8C                  212 	.db #0x8C
   0070 14                  213 	.db #0x14
   0071 20                  214 	.db #0x20
   0072 20                  215 	.db #0x20
   0073 00                  216 	.db #0x00
   0074 00                  217 	.db #0x00
   0075 00                  218 	.db #0x00
   0076 AA                  219 	.db #0xAA
   0077 2F                  220 	.db #0x2F
   0078 00                  221 	.db #0x00
   0079 91                  222 	.db #0x91
   007A 14                  223 	.db #0x14
   007B 88                  224 	.db #0x88
   007C 0F                  225 	.db #0x0F
   007D 20                  226 	.db #0x20
   007E 00                  227 	.db #0x00
   007F 00                  228 	.db #0x00
   0080 28                  229 	.db #0x28
   0081 00                  230 	.db #0x00
   0082 00                  231 	.db #0x00
   0083 22                  232 	.db #0x22
   0084 20                  233 	.db #0x20
   0085 00                  234 	.db #0x00
   0086 00                  235 	.db #0x00
   0087 20                  236 	.db #0x20
   0088 00                  237 	.db #0x00
   0089 A9                  238 	.db #0xA9
   008A 2F                  239 	.db #0x2F
   008B 00                  240 	.db #0x00
   008C 8F                  241 	.db #0x8F
   008D 14                  242 	.db #0x14
   008E 88                  243 	.db #0x88
   008F 0F                  244 	.db #0x0F
   0090 20                  245 	.db #0x20
   0091 00                  246 	.db #0x00
   0092 00                  247 	.db #0x00
   0093 28                  248 	.db #0x28
   0094 00                  249 	.db #0x00
   0095 00                  250 	.db #0x00
   0096 00                  251 	.db #0x00
   0097 20                  252 	.db #0x20
   0098 00                  253 	.db #0x00
   0099 00                  254 	.db #0x00
   009A 00                  255 	.db #0x00
   009B 00                  256 	.db #0x00
   009C 98                  257 	.db #0x98
   009D 2F                  258 	.db #0x2F
   009E 00                  259 	.db #0x00
   009F 8C                  260 	.db #0x8C
   00A0 14                  261 	.db #0x14
   00A1 88                  262 	.db #0x88
   00A2 0F                  263 	.db #0x0F
   00A3 20                  264 	.db #0x20
   00A4 00                  265 	.db #0x00
   00A5 00                  266 	.db #0x00
   00A6 28                  267 	.db #0x28
   00A7 98                  268 	.db #0x98
   00A8 2F                  269 	.db #0x2F
   00A9 00                  270 	.db #0x00
   00AA 22                  271 	.db #0x22
   00AB 20                  272 	.db #0x20
   00AC 00                  273 	.db #0x00
   00AD 00                  274 	.db #0x00
   00AE 20                  275 	.db #0x20
   00AF 00                  276 	.db #0x00
   00B0 98                  277 	.db #0x98
   00B1 2F                  278 	.db #0x2F
   00B2 00                  279 	.db #0x00
   00B3 8C                  280 	.db #0x8C
   00B4 14                  281 	.db #0x14
   00B5 88                  282 	.db #0x88
   00B6 0F                  283 	.db #0x0F
   00B7 00                  284 	.db #0x00
   00B8 00                  285 	.db #0x00
   00B9 00                  286 	.db #0x00
   00BA 28                  287 	.db #0x28
   00BB 98                  288 	.db #0x98
   00BC 2F                  289 	.db #0x2F
   00BD 00                  290 	.db #0x00
   00BE 22                  291 	.db #0x22
   00BF 20                  292 	.db #0x20
   00C0 20                  293 	.db #0x20
   00C1 00                  294 	.db #0x00
   00C2 20                  295 	.db #0x20
   00C3 00                  296 	.db #0x00
   00C4 99                  297 	.db #0x99
   00C5 2F                  298 	.db #0x2F
   00C6 00                  299 	.db #0x00
   00C7 8E                  300 	.db #0x8E
   00C8 14                  301 	.db #0x14
   00C9 88                  302 	.db #0x88
   00CA 0F                  303 	.db #0x0F
   00CB 20                  304 	.db #0x20
   00CC 00                  305 	.db #0x00
   00CD 00                  306 	.db #0x00
   00CE 28                  307 	.db #0x28
   00CF 98                  308 	.db #0x98
   00D0 2F                  309 	.db #0x2F
   00D1 00                  310 	.db #0x00
   00D2 8C                  311 	.db #0x8C
   00D3 14                  312 	.db #0x14
   00D4 20                  313 	.db #0x20
   00D5 20                  314 	.db #0x20
   00D6 00                  315 	.db #0x00
   00D7 22                  316 	.db #0x22
   00D8 00                  317 	.db #0x00
   00D9 00                  318 	.db #0x00
   00DA 00                  319 	.db #0x00
   00DB 20                  320 	.db #0x20
   00DC 88                  321 	.db #0x88
   00DD 0F                  322 	.db #0x0F
   00DE 00                  323 	.db #0x00
   00DF 00                  324 	.db #0x00
   00E0 00                  325 	.db #0x00
   00E1 28                  326 	.db #0x28
   00E2 98                  327 	.db #0x98
   00E3 2F                  328 	.db #0x2F
   00E4 00                  329 	.db #0x00
   00E5 8C                  330 	.db #0x8C
   00E6 14                  331 	.db #0x14
   00E7 20                  332 	.db #0x20
   00E8 20                  333 	.db #0x20
   00E9 00                  334 	.db #0x00
   00EA 00                  335 	.db #0x00
   00EB 00                  336 	.db #0x00
   00EC 00                  337 	.db #0x00
   00ED 00                  338 	.db #0x00
   00EE 22                  339 	.db #0x22
   00EF 88                  340 	.db #0x88
   00F0 0F                  341 	.db #0x0F
   00F1 00                  342 	.db #0x00
   00F2 00                  343 	.db #0x00
   00F3 20                  344 	.db #0x20
   00F4 28                  345 	.db #0x28
   00F5 98                  346 	.db #0x98
   00F6 2F                  347 	.db #0x2F
   00F7 00                  348 	.db #0x00
   00F8 8C                  349 	.db #0x8C
   00F9 14                  350 	.db #0x14
   00FA 20                  351 	.db #0x20
   00FB 20                  352 	.db #0x20
   00FC 00                  353 	.db #0x00
   00FD 00                  354 	.db #0x00
   00FE 00                  355 	.db #0x00
   00FF 00                  356 	.db #0x00
   0100 00                  357 	.db #0x00
   0101 22                  358 	.db #0x22
   0102 88                  359 	.db #0x88
   0103 0F                  360 	.db #0x0F
   0104 00                  361 	.db #0x00
   0105 00                  362 	.db #0x00
   0106 20                  363 	.db #0x20
   0107 28                  364 	.db #0x28
   0108 98                  365 	.db #0x98
   0109 2F                  366 	.db #0x2F
   010A 00                  367 	.db #0x00
   010B 8C                  368 	.db #0x8C
   010C 14                  369 	.db #0x14
   010D 20                  370 	.db #0x20
   010E 20                  371 	.db #0x20
   010F 00                  372 	.db #0x00
   0110 00                  373 	.db #0x00
   0111 00                  374 	.db #0x00
   0112 AA                  375 	.db #0xAA
   0113 2F                  376 	.db #0x2F
   0114 00                  377 	.db #0x00
   0115 91                  378 	.db #0x91
   0116 14                  379 	.db #0x14
   0117 88                  380 	.db #0x88
   0118 0F                  381 	.db #0x0F
   0119 20                  382 	.db #0x20
   011A 00                  383 	.db #0x00
   011B 00                  384 	.db #0x00
   011C 28                  385 	.db #0x28
   011D 00                  386 	.db #0x00
   011E 00                  387 	.db #0x00
   011F 22                  388 	.db #0x22
   0120 20                  389 	.db #0x20
   0121 00                  390 	.db #0x00
   0122 00                  391 	.db #0x00
   0123 20                  392 	.db #0x20
   0124 00                  393 	.db #0x00
   0125 A9                  394 	.db #0xA9
   0126 2F                  395 	.db #0x2F
   0127 00                  396 	.db #0x00
   0128 8F                  397 	.db #0x8F
   0129 14                  398 	.db #0x14
   012A 88                  399 	.db #0x88
   012B 0F                  400 	.db #0x0F
   012C 20                  401 	.db #0x20
   012D 00                  402 	.db #0x00
   012E 00                  403 	.db #0x00
   012F 28                  404 	.db #0x28
   0130 00                  405 	.db #0x00
   0131 00                  406 	.db #0x00
   0132 00                  407 	.db #0x00
   0133 20                  408 	.db #0x20
   0134 00                  409 	.db #0x00
   0135 00                  410 	.db #0x00
   0136 00                  411 	.db #0x00
   0137 00                  412 	.db #0x00
ASxxxx Assembler V01.75  (GameBoy Z80-like CPU), page 1.

Symbol Table

  9 _song0                             0000 GR
  1 _song_Data                         0000 GR

ASxxxx Assembler V01.75  (GameBoy Z80-like CPU), page 2.

Area Table

   0 _CODE                              size    0   flags 0
   1 _DATA                              size    8   flags 0
   2 _OVERLAY                           size    0   flags 0
   3 _ISEG                              size    0   flags 0
   4 _BSEG                              size    0   flags 0
   5 _XSEG                              size    0   flags 0
   6 _GSINIT                            size   2C   flags 0
   7 _GSFINAL                           size    0   flags 0
   8 _HOME                              size    0   flags 0
   9 _CODE_2                            size  138   flags 0
