AREA .  .ABS.
	RADIX HEX
	BASE 0000
	SIZE 0000
	ATTRIB ABS OVR
	GLOBALS
		l__HEAP	0000
		l__BSEG	0000
		l_.  .ABS.	0000
		l__GSFINAL	0000
		l__ISEG	0000
		s_.  .ABS.	0000
		s__HEADER	0000
		l__XSEG	0000
		.init	0000
		l__OVERLAY	0000
		l__LIT	0000
		s__SFR	0000
		l__GSINITTAIL	0001
		l__DATA	0050
		l__BSS	0059
		l__CODE	00CB
		l__BASE	0115
		l__HOME	01AC
		l__GSINIT	01E0
		l__HEADER	01E1
		s__CODE	0200
		s__HOME	02CB
		s__BASE	0477
		s__LIT	058C
		s__GSINIT	058C
		s__GSINITTAIL	076C
		s__GSFINAL	076D
		.OAM	C000
		s__DATA	C0A0
		s__BSS	C0F0
		s__HEAP	C149
		s__BSEG	C149
		s__ISEG	C149
		s__XSEG	C149
		s__OVERLAY	C149
		.STACK	E000
		.refresh_OAM	FF80
		l__SFR	10000
AREA _CODE
	RADIX HEX
	BASE 0200
	SIZE 00CB
	ATTRIB REL CON
	GLOBALS
		_performantDelay	0200
		_main	0214
AREA _HEADER
	RADIX HEX
	BASE 0000
	SIZE 01E1
	ATTRIB ABS OVR
	GLOBALS
		_exit	01D2
AREA _HOME
	RADIX HEX
	BASE 02CB
	SIZE 01AC
	ATTRIB REL CON
	GLOBALS
		.set_mode	02CB
		.remove_VBL	02DB
		.remove_LCD	02E1
		.remove_TIM	02E7
		.remove_SIO	02ED
		.remove_JOY	02F3
		.add_VBL	02F9
		.add_LCD	02FF
		.add_TIM	0305
		.add_SIO	030B
		.add_JOY	0311
		.remove_int	0317
		.add_int	0337
		.wait_vbl_done	0353
		_wait_vbl_done	0353
		_display_off	036A
		.display_off	036A
		.serial_IO	038B
		_mode	03BA
		_get_mode	03C3
		_enable_interrupts	03C8
		_disable_interrupts	03CA
		_reset	03CC
		.reset	03CC
		_set_interrupts	03D2
		_remove_VBL	03DD
		_remove_LCD	03E8
		_remove_TIM	03F3
		_remove_SIO	03FE
		_remove_JOY	0409
		_add_VBL	0414
		_add_LCD	041F
		_add_TIM	042A
		_add_SIO	0435
		_add_JOY	0440
		_clock	044B
		__printTStates	0454
		banked_call	0455
		banked_ret	046E
AREA _BASE
	RADIX HEX
	BASE 0477
	SIZE 0115
	ATTRIB REL CON
	GLOBALS
		.mv_sprite	0477
		_move_sprite	0486
		_set_win_data	0493
		_set_bkg_data	0493
		_set_sprite_data	04E0
		.set_sprite_tile	050F
		_set_sprite_tile	051C
		.delay	0527
		_delay	0561
		.copy_vram	056A
		_get_data	0579
		_set_data	0579
AREA _LIT
	RADIX HEX
	BASE 058C
	SIZE 0000
	ATTRIB REL CON
AREA _GSINIT
	RADIX HEX
	BASE 058C
	SIZE 01E0
	ATTRIB REL CON
	GLOBALS
		gsinit	058C
AREA _GSINITTAIL
	RADIX HEX
	BASE 076C
	SIZE 0001
	ATTRIB REL CON
AREA _GSFINAL
	RADIX HEX
	BASE 076D
	SIZE 0000
	ATTRIB REL CON
AREA _DATA
	RADIX HEX
	BASE C0A0
	SIZE 0050
	ATTRIB REL CON
	GLOBALS
		_sprite	C0A0
AREA _BSS
	RADIX HEX
	BASE C0F0
	SIZE 0059
	ATTRIB REL CON
	GLOBALS
		__cpu	C0F0
		.mode	C0F1
		__io_out	C0F2
		__io_in	C0F3
		__io_status	C0F4
		.vbl_done	C0F5
		__current_bank	C0F6
		_sys_time	C0F7
		.sys_time	C0F7
		.int_0x40	C0F9
		.int_0x48	C109
		.int_0x50	C119
		.int_0x58	C129
		.int_0x60	C139
AREA _HEAP
	RADIX HEX
	BASE C149
	SIZE 0000
	ATTRIB REL CON
	GLOBALS
		_malloc_heap_start	C149
AREA _OVERLAY
	RADIX HEX
	BASE C149
	SIZE 0000
	ATTRIB REL CON
AREA _ISEG
	RADIX HEX
	BASE C149
	SIZE 0000
	ATTRIB REL CON
AREA _BSEG
	RADIX HEX
	BASE C149
	SIZE 0000
	ATTRIB REL CON
AREA _XSEG
	RADIX HEX
	BASE C149
	SIZE 0000
	ATTRIB REL CON
AREA _SFR
	RADIX HEX
	BASE 0000
	SIZE 10000
	ATTRIB ABS OVR
	GLOBALS
		_P1_REG	FF00
		_SB_REG	FF01
		_SC_REG	FF02
		_DIV_REG	FF04
		_TIMA_REG	FF05
		_TMA_REG	FF06
		_TAC_REG	FF07
		_IF_REG	FF0F
		_NR10_REG	FF10
		_NR11_REG	FF11
		_NR12_REG	FF12
		_NR13_REG	FF13
		_NR14_REG	FF14
		_NR21_REG	FF16
		_NR22_REG	FF17
		_NR23_REG	FF18
		_NR24_REG	FF19
		_NR30_REG	FF1A
		_NR31_REG	FF1B
		_NR32_REG	FF1C
		_NR33_REG	FF1D
		_NR34_REG	FF1E
		_NR41_REG	FF20
		_NR42_REG	FF21
		_NR43_REG	FF22
		_NR44_REG	FF23
		_NR50_REG	FF24
		_NR51_REG	FF25
		_NR52_REG	FF26
		_LCDC_REG	FF40
		_STAT_REG	FF41
		_SCY_REG	FF42
		_SCX_REG	FF43
		_LY_REG	FF44
		_LYC_REG	FF45
		_DMA_REG	FF46
		_BGP_REG	FF47
		_OBP0_REG	FF48
		_OBP1_REG	FF49
		_WY_REG	FF4A
		_WX_REG	FF4B
		_KEY1_REG	FF4D
		_VBK_REG	FF4F
		_HDMA1_REG	FF51
		_HDMA2_REG	FF52
		_HDMA3_REG	FF53
		_HDMA4_REG	FF54
		_HDMA5_REG	FF55
		_RP_REG	FF56
		_BCPS_REG	FF68
		_BCPD_REG	FF69
		_OCPS_REG	FF6A
		_OCPD_REG	FF6B
		_SVBK_REG	FF70
		_IE_REG	FFFF
MODULES
	FILE c:\gbdk\lib/small/asxxxx/gb/crt0.o
		NAME Runtime
	FILE main.o
		NAME lcc4400
LIBRARIES
	LIBRARY c:\gbdk\lib/small/asxxxx/gb/gb.lib
		MODULE sfr.o
	LIBRARY c:\gbdk\lib/small/asxxxx/gb/gb.lib
		MODULE mv_spr.o
	LIBRARY c:\gbdk\lib/small/asxxxx/gb/gb.lib
		MODULE set_data.o
	LIBRARY c:\gbdk\lib/small/asxxxx/gb/gb.lib
		MODULE set_spr.o
	LIBRARY c:\gbdk\lib/small/asxxxx/gb/gb.lib
		MODULE delay.o
	LIBRARY c:\gbdk\lib/small/asxxxx/gb/gb.lib
		MODULE cpy_data.o
USERBASEDEF
	_CODE=0x0200
	_DATA=0xC0A0
	_CODE_1=0x4000
USERGLOBALDEF
	.OAM=0xC000
	.STACK=0xE000
	.refresh_OAM=0xFF80
	.init=0x0000
