ASxxxx Linker V03.00 + NoICE + sdld,  page 1.
Hexadecimal  [32-Bits]

Area                                    Addr        Size        Decimal Bytes (Attributes)
--------------------------------        ----        ----        ------- ----- ------------
.  .ABS.                            00000000    00000000 =           0. bytes (ABS,CON)

      Value  Global                              Global Defined In Module
      -----  --------------------------------   ------------------------
     00000000  .__.ABS.                           
     00000000  l__CABS                         
     00000000  l__DABS                         
     00000000  l__GSFINAL                      
     00000000  l__HEADER                       
     00000000  l__HEAP                         
     00000000  l__LIT                          
     00000000  s__CABS                         
     00000000  s__DABS                         
     00000000  s__HEADER                       
     00000000  s__HEADER0                      
     00000000  s__HEADER1                      
     00000000  s__HEADER10                     
     00000000  s__HEADER11                     
     00000000  s__HEADER12                     
     00000000  s__HEADER2                      
     00000000  s__HEADER3                      
     00000000  s__HEADER4                      
     00000000  s__HEADER5                      
     00000000  s__HEADER6                      
     00000000  s__HEADER7                      
     00000000  s__HEADER8                      
     00000000  s__HEADER9                      
     00000000  s__HEADERa                      
     00000000  s__HEADERb                      
     00000000  s__HEADERc                      
     00000000  s__HEADERd                      
     00000000  s__HEADERe                      
     00000000  s__HEADERf                      
     00000001  l__GSINITTAIL                   
     00000001  l__HEADER12                     
     00000001  l__HEADERa                      
     00000001  l__HEADERb                      
     00000001  l__HEADERc                      
     00000001  l__HEADERe                      
     00000001  l__HEADERf                      
     00000002  l__HEADER10                     
     00000002  l__HEADERd                      
     00000003  l__HEADER9                      
     00000006  l__HEADER8                      
     00000007  l__HEADER0                      
     00000007  l__HEADER2                      
     00000007  l__HEADER3                      
     00000007  l__HEADER4                      
     00000007  l__HEADER5                      
     00000010  l__HEADER1                      
     0000001F  l__HEADER6                      
     00000034  l__HEADER7                      
     00000084  l__BSS                          
     00000085  l__HEADER11                     
ASxxxx Linker V03.00 + NoICE + sdld,  page 2.
Hexadecimal  [32-Bits]

Area                                    Addr        Size        Decimal Bytes (Attributes)
--------------------------------        ----        ----        ------- ----- ------------
.  .ABS.                            00000000    00000000 =           0. bytes (ABS,CON)

      Value  Global                              Global Defined In Module
      -----  --------------------------------   ------------------------
     000001AC  l__HOME                         
     00000200  s__CODE                         
     000003D2  l__DATA                         
     00000838  l__CODE                         
     00000A38  s__HOME                         
     00000BE4  s__BASE                         
     000010FB  l__BASE                         
     000012FC  l__GSINIT                       
     00001CDF  s__GSINIT                       
     00001CDF  s__LIT                          
     00002FDB  s__GSINITTAIL                   
     00002FDC  s__GSFINAL                      
     0000C0A0  s__DATA                         
     0000C472  s__BSS                          
     0000C4F6  s__HEAP                         

ASxxxx Linker V03.00 + NoICE + sdld,  page 3.
Hexadecimal  [32-Bits]

Area                                    Addr        Size        Decimal Bytes (Attributes)
--------------------------------        ----        ----        ------- ----- ------------
_CODE                               00000200    00000838 =        2104. bytes (REL,CON)

      Value  Global                              Global Defined In Module
      -----  --------------------------------   ------------------------
     00000200  _performantDelay                   main
     00000217  _counter                           main
     00000248  _fontINIT                          main
     0000025B  _main                              main
     000002C7  _putchar                           font.ms
     000002D0  _setchar                           font.ms
     000002D9  _gotoxy                            font.ms
     000002E4  _posx                              font.ms
     000002F5  _posy                              font.ms
     00000306  .adv_gcurs                         Drawing1
     00000323  .circle                            Drawing1
     000003C6  .horlin                            Drawing1
     000003FE  .verlin                            Drawing1
     0000045A  .circplot                          Drawing1
     000004D8  .box                               Drawing1
     000005AE  .line                              Drawing1
     000006CF  .xonly                             Drawing1
     0000081E  .yonly                             Drawing1
     0000083F  .plot                              Drawing1
     0000085C  .wrbyte                            Drawing1
     000008DE  .getpix                            Drawing1
     00000913  .wrtchr                            Drawing1
     00000977  _gotogxy                           Drawing1
     00000982  _wrtchr                            Drawing1
     00000997  _getpix                            Drawing1
     000009A3  _color                             Drawing1
     000009B2  _circle                            Drawing1
     000009CC  _box                               Drawing1
     000009F0  _line                              Drawing1
     00000A08  _plot_point                        Drawing1
     00000A1C  _plot                              Drawing1

ASxxxx Linker V03.00 + NoICE + sdld,  page 4.
Hexadecimal  [32-Bits]

Area                                    Addr        Size        Decimal Bytes (Attributes)
--------------------------------        ----        ----        ------- ----- ------------
_HEADER0                            00000000    00000007 =           7. bytes (ABS,CON)

      Value  Global                              Global Defined In Module
      -----  --------------------------------   ------------------------
ASxxxx Linker V03.00 + NoICE + sdld,  page 5.
Hexadecimal  [32-Bits]

Area                                    Addr        Size        Decimal Bytes (Attributes)
--------------------------------        ----        ----        ------- ----- ------------
_HEADER1                            00000000    00000010 =          16. bytes (ABS,CON)

      Value  Global                              Global Defined In Module
      -----  --------------------------------   ------------------------
ASxxxx Linker V03.00 + NoICE + sdld,  page 6.
Hexadecimal  [32-Bits]

Area                                    Addr        Size        Decimal Bytes (Attributes)
--------------------------------        ----        ----        ------- ----- ------------
_HEADER2                            00000000    00000007 =           7. bytes (ABS,CON)

      Value  Global                              Global Defined In Module
      -----  --------------------------------   ------------------------
ASxxxx Linker V03.00 + NoICE + sdld,  page 7.
Hexadecimal  [32-Bits]

Area                                    Addr        Size        Decimal Bytes (Attributes)
--------------------------------        ----        ----        ------- ----- ------------
_HEADER3                            00000000    00000007 =           7. bytes (ABS,CON)

      Value  Global                              Global Defined In Module
      -----  --------------------------------   ------------------------
ASxxxx Linker V03.00 + NoICE + sdld,  page 8.
Hexadecimal  [32-Bits]

Area                                    Addr        Size        Decimal Bytes (Attributes)
--------------------------------        ----        ----        ------- ----- ------------
_HEADER4                            00000000    00000007 =           7. bytes (ABS,CON)

      Value  Global                              Global Defined In Module
      -----  --------------------------------   ------------------------
ASxxxx Linker V03.00 + NoICE + sdld,  page 9.
Hexadecimal  [32-Bits]

Area                                    Addr        Size        Decimal Bytes (Attributes)
--------------------------------        ----        ----        ------- ----- ------------
_HEADER5                            00000000    00000007 =           7. bytes (ABS,CON)

      Value  Global                              Global Defined In Module
      -----  --------------------------------   ------------------------
ASxxxx Linker V03.00 + NoICE + sdld,  page 10.
Hexadecimal  [32-Bits]

Area                                    Addr        Size        Decimal Bytes (Attributes)
--------------------------------        ----        ----        ------- ----- ------------
_HEADER6                            00000000    0000001F =          31. bytes (ABS,CON)

      Value  Global                              Global Defined In Module
      -----  --------------------------------   ------------------------
ASxxxx Linker V03.00 + NoICE + sdld,  page 11.
Hexadecimal  [32-Bits]

Area                                    Addr        Size        Decimal Bytes (Attributes)
--------------------------------        ----        ----        ------- ----- ------------
_HEADER7                            00000000    00000034 =          52. bytes (ABS,CON)

      Value  Global                              Global Defined In Module
      -----  --------------------------------   ------------------------
ASxxxx Linker V03.00 + NoICE + sdld,  page 12.
Hexadecimal  [32-Bits]

Area                                    Addr        Size        Decimal Bytes (Attributes)
--------------------------------        ----        ----        ------- ----- ------------
_HEADER8                            00000000    00000006 =           6. bytes (ABS,CON)

      Value  Global                              Global Defined In Module
      -----  --------------------------------   ------------------------
ASxxxx Linker V03.00 + NoICE + sdld,  page 13.
Hexadecimal  [32-Bits]

Area                                    Addr        Size        Decimal Bytes (Attributes)
--------------------------------        ----        ----        ------- ----- ------------
_HEADER9                            00000000    00000003 =           3. bytes (ABS,CON)

      Value  Global                              Global Defined In Module
      -----  --------------------------------   ------------------------
ASxxxx Linker V03.00 + NoICE + sdld,  page 14.
Hexadecimal  [32-Bits]

Area                                    Addr        Size        Decimal Bytes (Attributes)
--------------------------------        ----        ----        ------- ----- ------------
_HEADERa                            00000000    00000001 =           1. bytes (ABS,CON)

      Value  Global                              Global Defined In Module
      -----  --------------------------------   ------------------------
ASxxxx Linker V03.00 + NoICE + sdld,  page 15.
Hexadecimal  [32-Bits]

Area                                    Addr        Size        Decimal Bytes (Attributes)
--------------------------------        ----        ----        ------- ----- ------------
_HEADERb                            00000000    00000001 =           1. bytes (ABS,CON)

      Value  Global                              Global Defined In Module
      -----  --------------------------------   ------------------------
ASxxxx Linker V03.00 + NoICE + sdld,  page 16.
Hexadecimal  [32-Bits]

Area                                    Addr        Size        Decimal Bytes (Attributes)
--------------------------------        ----        ----        ------- ----- ------------
_HEADERc                            00000000    00000001 =           1. bytes (ABS,CON)

      Value  Global                              Global Defined In Module
      -----  --------------------------------   ------------------------
ASxxxx Linker V03.00 + NoICE + sdld,  page 17.
Hexadecimal  [32-Bits]

Area                                    Addr        Size        Decimal Bytes (Attributes)
--------------------------------        ----        ----        ------- ----- ------------
_HEADERd                            00000000    00000002 =           2. bytes (ABS,CON)

      Value  Global                              Global Defined In Module
      -----  --------------------------------   ------------------------
ASxxxx Linker V03.00 + NoICE + sdld,  page 18.
Hexadecimal  [32-Bits]

Area                                    Addr        Size        Decimal Bytes (Attributes)
--------------------------------        ----        ----        ------- ----- ------------
_HEADERe                            00000000    00000001 =           1. bytes (ABS,CON)

      Value  Global                              Global Defined In Module
      -----  --------------------------------   ------------------------
ASxxxx Linker V03.00 + NoICE + sdld,  page 19.
Hexadecimal  [32-Bits]

Area                                    Addr        Size        Decimal Bytes (Attributes)
--------------------------------        ----        ----        ------- ----- ------------
_HEADERf                            00000000    00000001 =           1. bytes (ABS,CON)

      Value  Global                              Global Defined In Module
      -----  --------------------------------   ------------------------
ASxxxx Linker V03.00 + NoICE + sdld,  page 20.
Hexadecimal  [32-Bits]

Area                                    Addr        Size        Decimal Bytes (Attributes)
--------------------------------        ----        ----        ------- ----- ------------
_HEADER10                           00000000    00000002 =           2. bytes (ABS,CON)

      Value  Global                              Global Defined In Module
      -----  --------------------------------   ------------------------
ASxxxx Linker V03.00 + NoICE + sdld,  page 21.
Hexadecimal  [32-Bits]

Area                                    Addr        Size        Decimal Bytes (Attributes)
--------------------------------        ----        ----        ------- ----- ------------
_HEADER11                           00000000    00000085 =         133. bytes (ABS,CON)

      Value  Global                              Global Defined In Module
      -----  --------------------------------   ------------------------
     000001D2  _exit                              Runtime

ASxxxx Linker V03.00 + NoICE + sdld,  page 22.
Hexadecimal  [32-Bits]

Area                                    Addr        Size        Decimal Bytes (Attributes)
--------------------------------        ----        ----        ------- ----- ------------
_HEADER12                           00000000    00000001 =           1. bytes (ABS,CON)

      Value  Global                              Global Defined In Module
      -----  --------------------------------   ------------------------
ASxxxx Linker V03.00 + NoICE + sdld,  page 23.
Hexadecimal  [32-Bits]

Area                                    Addr        Size        Decimal Bytes (Attributes)
--------------------------------        ----        ----        ------- ----- ------------
_HOME                               00000A38    000001AC =         428. bytes (REL,CON)

      Value  Global                              Global Defined In Module
      -----  --------------------------------   ------------------------
     00000A38  .set_mode                          Runtime
     00000A48  .remove_VBL                        Runtime
     00000A4E  .remove_LCD                        Runtime
     00000A54  .remove_TIM                        Runtime
     00000A5A  .remove_SIO                        Runtime
     00000A60  .remove_JOY                        Runtime
     00000A66  .add_VBL                           Runtime
     00000A6C  .add_LCD                           Runtime
     00000A72  .add_TIM                           Runtime
     00000A78  .add_SIO                           Runtime
     00000A7E  .add_JOY                           Runtime
     00000A84  .remove_int                        Runtime
     00000AA4  .add_int                           Runtime
     00000AC0  .wait_vbl_done                     Runtime
     00000AC0  _wait_vbl_done                     Runtime
     00000AD7  .display_off                       Runtime
     00000AD7  _display_off                       Runtime
     00000AF8  .serial_IO                         Runtime
     00000B27  _mode                              Runtime
     00000B30  _get_mode                          Runtime
     00000B35  _enable_interrupts                 Runtime
     00000B37  _disable_interrupts                Runtime
     00000B39  .reset                             Runtime
     00000B39  _reset                             Runtime
     00000B3F  _set_interrupts                    Runtime
     00000B4A  _remove_VBL                        Runtime
     00000B55  _remove_LCD                        Runtime
     00000B60  _remove_TIM                        Runtime
     00000B6B  _remove_SIO                        Runtime
     00000B76  _remove_JOY                        Runtime
     00000B81  _add_VBL                           Runtime
     00000B8C  _add_LCD                           Runtime
     00000B97  _add_TIM                           Runtime
     00000BA2  _add_SIO                           Runtime
     00000BAD  _add_JOY                           Runtime
     00000BB8  _clock                             Runtime
     00000BC1  __printTStates                     Runtime
     00000BC2  banked_call                        Runtime
     00000BDB  banked_ret                         Runtime
ASxxxx Linker V03.00 + NoICE + sdld,  page 24.
Hexadecimal  [32-Bits]

Area                                    Addr        Size        Decimal Bytes (Attributes)
--------------------------------        ----        ----        ------- ----- ------------
_BASE                               00000BE4    000010FB =        4347. bytes (REL,CON)

      Value  Global                              Global Defined In Module
      -----  --------------------------------   ------------------------
     00000BE4  font_copy_uncompressed             font.ms
     00000C1A  font_copy_compressed               font.ms
     00000C6F  font_load                          font.ms
     00000CB7  font_copy_current                  font.ms
     00000CFF  font_set                           font.ms
     00000D0C  .put_char                          font.ms
     00000D25  .out_char                          font.ms
     00000D2C  .del_char                          font.ms
     00000D87  _font_load                         font.ms
     00000D95  _font_set                          font.ms
     00000DA4  _font_init                         font.ms
     00000DC6  .cls                               font.ms
     00000DC6  _cls                               font.ms
     00000DF8  .cr_curs                           font.ms
     00000E0D  .adv_curs                          font.ms
     00000E69  .tmode                             font.ms
     00000E92  .tmode_out                         font.ms
     00000EA2  _scroll_bkg                        
     00000EB8  _move_win                          
     00000EC1  _set_win_tiles                     
     00000ED5  _font_load_ibm_fixed               
     00000EDC  _font_ibm_fixed                    
     00000FDE  _font_ibm_fixed_tiles              
     000017DE  .gmode                             Drawing1
     00001840  .vbl                               Drawing1
     0000184B  .lcd                               Drawing1
     00001858  .draw_image                        Drawing1
     00001862  .switch_data                       Drawing1
     00001899  _switch_data                       Drawing1
     000018B4  _draw_image                        Drawing1
     000018C7  .y_table                           Drawing1
     000019E7  .init_vram                         
     000019F5  .init_wtt                          
     00001A05  .init_btt                          
     00001A13  .init_tt                           
     00001A19  _set_bkg_data                      
     00001A19  _set_win_data                      
     00001A66  _set_sprite_data                   
     00001A95  _font_min                          font_min
     00001C3F  .copy_vram                         
     00001C4E  _get_data                          
     00001C4E  _set_data                          
     00001C61  _set_bkg_tiles                     
     00001C75  .set_xy_wtt                        
     00001C86  .set_xy_btt                        
     00001C95  .set_xy_tt                         
     00001CC6  _set_tiles                         

ASxxxx Linker V03.00 + NoICE + sdld,  page 25.
Hexadecimal  [32-Bits]

Area                                    Addr        Size        Decimal Bytes (Attributes)
--------------------------------        ----        ----        ------- ----- ------------
_GSINIT                             00001CDF    000012FC =        4860. bytes (REL,CON)

      Value  Global                              Global Defined In Module
      -----  --------------------------------   ------------------------
     00001CDF  gsinit                             Runtime

ASxxxx Linker V03.00 + NoICE + sdld,  page 26.
Hexadecimal  [32-Bits]

Area                                    Addr        Size        Decimal Bytes (Attributes)
--------------------------------        ----        ----        ------- ----- ------------
_GSINITTAIL                         00002FDB    00000001 =           1. bytes (REL,CON)

      Value  Global                              Global Defined In Module
      -----  --------------------------------   ------------------------
ASxxxx Linker V03.00 + NoICE + sdld,  page 27.
Hexadecimal  [32-Bits]

Area                                    Addr        Size        Decimal Bytes (Attributes)
--------------------------------        ----        ----        ------- ----- ------------
_DATA                               0000C0A0    000003D2 =         978. bytes (REL,CON)

      Value  Global                              Global Defined In Module
      -----  --------------------------------   ------------------------
     0000C0A0  _level01Tiles                      main
     0000C170  _level01Map                        main
     0000C440  _indexForLoop                      main
     0000C441  _result                            main
     0000C442  _timer                             main
     0000C443  _numberCount                       main
     0000C46B  _window01Map                       main

ASxxxx Linker V03.00 + NoICE + sdld,  page 28.
Hexadecimal  [32-Bits]

Area                                    Addr        Size        Decimal Bytes (Attributes)
--------------------------------        ----        ----        ------- ----- ------------
_BSS                                0000C472    00000084 =         132. bytes (REL,CON)

      Value  Global                              Global Defined In Module
      -----  --------------------------------   ------------------------
     0000C472  __cpu                              Runtime
     0000C473  .mode                              Runtime
     0000C474  __io_out                           Runtime
     0000C475  __io_in                            Runtime
     0000C476  __io_status                        Runtime
     0000C477  .vbl_done                          Runtime
     0000C478  __current_bank                     Runtime
     0000C479  .sys_time                          Runtime
     0000C479  _sys_time                          Runtime
     0000C47B  .int_0x40                          Runtime
     0000C48B  .int_0x48                          Runtime
     0000C49B  .int_0x50                          Runtime
     0000C4AB  .int_0x58                          Runtime
     0000C4BB  .int_0x60                          Runtime
     0000C4CB  font_current                       font.ms
     0000C4CE  font_first_free_tile               font.ms
     0000C4CF  font_table                         font.ms
     0000C4E1  .curx                              font.ms
     0000C4E2  .cury                              font.ms
     0000C4E3  .fg_colour                         Drawing1
     0000C4E4  .bg_colour                         Drawing1
ASxxxx Linker V03.00 + NoICE + sdld,  page 29.
Hexadecimal  [32-Bits]

Area                                    Addr        Size        Decimal Bytes (Attributes)
--------------------------------        ----        ----        ------- ----- ------------
_HEAP                               0000C4F6    00000000 =           0. bytes (REL,CON)

      Value  Global                              Global Defined In Module
      -----  --------------------------------   ------------------------
     0000C4F6  _malloc_heap_start                 Runtime

ASxxxx Linker V03.00 + NoICE + sdld,  page 30.

Files Linked                              [ module(s) ]

/home/bryan/develop/gbdk-n-master/bin/../lib/crt0.rel
                                          [ Runtime ]
./obj/main.rel                            [ main ]


Libraries Linked                          [ object file ]

/home/bryan/develop/gbdk-n-master/bin/../lib/gb.lib
                                          [ font.rel ]
/home/bryan/develop/gbdk-n-master/bin/../lib/gb.lib
                                          [ scroll_b.rel ]
/home/bryan/develop/gbdk-n-master/bin/../lib/gb.lib
                                          [ mv_win.rel ]
/home/bryan/develop/gbdk-n-master/bin/../lib/gb.lib
                                          [ set_wi_t.rel ]
/home/bryan/develop/gbdk-n-master/bin/../lib/gb.lib
                                          [ ibmfixed.rel ]
/home/bryan/develop/gbdk-n-master/bin/../lib/gb.lib
                                          [ drawing.rel ]
/home/bryan/develop/gbdk-n-master/bin/../lib/gb.lib
                                          [ init_tt.rel ]
/home/bryan/develop/gbdk-n-master/bin/../lib/gb.lib
                                          [ set_data.rel ]
/home/bryan/develop/gbdk-n-master/bin/../lib/gb.lib
                                          [ f_min.rel ]
/home/bryan/develop/gbdk-n-master/bin/../lib/gb.lib
                                          [ cpy_data.rel ]
/home/bryan/develop/gbdk-n-master/bin/../lib/gb.lib
                                          [ set_bk_t.rel ]
/home/bryan/develop/gbdk-n-master/bin/../lib/gb.lib
                                          [ set_xy_t.rel ]

ASxxxx Linker V03.00 + NoICE + sdld,  page 31.

User Base Address Definitions

_CODE = 0x0200
_DATA = 0xc0a0

