ASxxxx Linker V03.00 + NoICE + sdld,  page 1.
Hexadecimal  [32-Bits]

Area                                    Addr        Size        Decimal Bytes (Attributes)
--------------------------------        ----        ----        ------- ----- ------------
.  .ABS.                            00000000    00000000 =           0. bytes (ABS,CON)

      Value  Global                              Global Defined In Module
      -----  --------------------------------   ------------------------
     00000000  .__.ABS.                           
     00000000  l__CABS                         
     00000000  l__DABS                         
     00000000  l__GSFINAL                      
     00000000  l__HEADER                       
     00000000  l__HEAP                         
     00000000  l__LIT                          
     00000000  s__CABS                         
     00000000  s__DABS                         
     00000000  s__HEADER                       
     00000000  s__HEADER0                      
     00000000  s__HEADER1                      
     00000000  s__HEADER10                     
     00000000  s__HEADER11                     
     00000000  s__HEADER12                     
     00000000  s__HEADER2                      
     00000000  s__HEADER3                      
     00000000  s__HEADER4                      
     00000000  s__HEADER5                      
     00000000  s__HEADER6                      
     00000000  s__HEADER7                      
     00000000  s__HEADER8                      
     00000000  s__HEADER9                      
     00000000  s__HEADERa                      
     00000000  s__HEADERb                      
     00000000  s__HEADERc                      
     00000000  s__HEADERd                      
     00000000  s__HEADERe                      
     00000000  s__HEADERf                      
     00000001  l__GSINITTAIL                   
     00000001  l__HEADER12                     
     00000001  l__HEADERa                      
     00000001  l__HEADERb                      
     00000001  l__HEADERc                      
     00000001  l__HEADERe                      
     00000001  l__HEADERf                      
     00000002  l__HEADER10                     
     00000002  l__HEADERd                      
     00000003  l__HEADER9                      
     00000006  l__HEADER8                      
     00000007  l__HEADER0                      
     00000007  l__HEADER2                      
     00000007  l__HEADER3                      
     00000007  l__HEADER4                      
     00000007  l__HEADER5                      
     00000010  l__HEADER1                      
     0000001F  l__HEADER6                      
     00000034  l__HEADER7                      
     00000084  l__BSS                          
     00000085  l__HEADER11                     
ASxxxx Linker V03.00 + NoICE + sdld,  page 2.
Hexadecimal  [32-Bits]

Area                                    Addr        Size        Decimal Bytes (Attributes)
--------------------------------        ----        ----        ------- ----- ------------
.  .ABS.                            00000000    00000000 =           0. bytes (ABS,CON)

      Value  Global                              Global Defined In Module
      -----  --------------------------------   ------------------------
     000001AC  l__HOME                         
     00000200  s__CODE                         
     000003D1  l__DATA                         
     00000840  l__CODE                         
     00000A40  s__HOME                         
     00000BEC  s__BASE                         
     000010FB  l__BASE                         
     00001310  l__GSINIT                       
     00001CE7  s__GSINIT                       
     00001CE7  s__LIT                          
     00002FF7  s__GSINITTAIL                   
     00002FF8  s__GSFINAL                      
     0000C0A0  s__DATA                         
     0000C471  s__BSS                          
     0000C4F5  s__HEAP                         

ASxxxx Linker V03.00 + NoICE + sdld,  page 3.
Hexadecimal  [32-Bits]

Area                                    Addr        Size        Decimal Bytes (Attributes)
--------------------------------        ----        ----        ------- ----- ------------
_CODE                               00000200    00000840 =        2112. bytes (REL,CON)

      Value  Global                              Global Defined In Module
      -----  --------------------------------   ------------------------
     00000200  _vInit                             main
     0000022C  _loadBkg                           main
     0000024B  _performantDelay                   main
     00000262  _counter                           main
     0000029C  _fontINIT                          main
     000002AF  _main                              main
     000002CF  _putchar                           font.ms
     000002D8  _setchar                           font.ms
     000002E1  _gotoxy                            font.ms
     000002EC  _posx                              font.ms
     000002FD  _posy                              font.ms
     0000030E  .adv_gcurs                         Drawing1
     0000032B  .circle                            Drawing1
     000003CE  .horlin                            Drawing1
     00000406  .verlin                            Drawing1
     00000462  .circplot                          Drawing1
     000004E0  .box                               Drawing1
     000005B6  .line                              Drawing1
     000006D7  .xonly                             Drawing1
     00000826  .yonly                             Drawing1
     00000847  .plot                              Drawing1
     00000864  .wrbyte                            Drawing1
     000008E6  .getpix                            Drawing1
     0000091B  .wrtchr                            Drawing1
     0000097F  _gotogxy                           Drawing1
     0000098A  _wrtchr                            Drawing1
     0000099F  _getpix                            Drawing1
     000009AB  _color                             Drawing1
     000009BA  _circle                            Drawing1
     000009D4  _box                               Drawing1
     000009F8  _line                              Drawing1
     00000A10  _plot_point                        Drawing1
     00000A24  _plot                              Drawing1
ASxxxx Linker V03.00 + NoICE + sdld,  page 4.
Hexadecimal  [32-Bits]

Area                                    Addr        Size        Decimal Bytes (Attributes)
--------------------------------        ----        ----        ------- ----- ------------
_HEADER0                            00000000    00000007 =           7. bytes (ABS,CON)

      Value  Global                              Global Defined In Module
      -----  --------------------------------   ------------------------
ASxxxx Linker V03.00 + NoICE + sdld,  page 5.
Hexadecimal  [32-Bits]

Area                                    Addr        Size        Decimal Bytes (Attributes)
--------------------------------        ----        ----        ------- ----- ------------
_HEADER1                            00000000    00000010 =          16. bytes (ABS,CON)

      Value  Global                              Global Defined In Module
      -----  --------------------------------   ------------------------
ASxxxx Linker V03.00 + NoICE + sdld,  page 6.
Hexadecimal  [32-Bits]

Area                                    Addr        Size        Decimal Bytes (Attributes)
--------------------------------        ----        ----        ------- ----- ------------
_HEADER2                            00000000    00000007 =           7. bytes (ABS,CON)

      Value  Global                              Global Defined In Module
      -----  --------------------------------   ------------------------
ASxxxx Linker V03.00 + NoICE + sdld,  page 7.
Hexadecimal  [32-Bits]

Area                                    Addr        Size        Decimal Bytes (Attributes)
--------------------------------        ----        ----        ------- ----- ------------
_HEADER3                            00000000    00000007 =           7. bytes (ABS,CON)

      Value  Global                              Global Defined In Module
      -----  --------------------------------   ------------------------
ASxxxx Linker V03.00 + NoICE + sdld,  page 8.
Hexadecimal  [32-Bits]

Area                                    Addr        Size        Decimal Bytes (Attributes)
--------------------------------        ----        ----        ------- ----- ------------
_HEADER4                            00000000    00000007 =           7. bytes (ABS,CON)

      Value  Global                              Global Defined In Module
      -----  --------------------------------   ------------------------
ASxxxx Linker V03.00 + NoICE + sdld,  page 9.
Hexadecimal  [32-Bits]

Area                                    Addr        Size        Decimal Bytes (Attributes)
--------------------------------        ----        ----        ------- ----- ------------
_HEADER5                            00000000    00000007 =           7. bytes (ABS,CON)

      Value  Global                              Global Defined In Module
      -----  --------------------------------   ------------------------
ASxxxx Linker V03.00 + NoICE + sdld,  page 10.
Hexadecimal  [32-Bits]

Area                                    Addr        Size        Decimal Bytes (Attributes)
--------------------------------        ----        ----        ------- ----- ------------
_HEADER6                            00000000    0000001F =          31. bytes (ABS,CON)

      Value  Global                              Global Defined In Module
      -----  --------------------------------   ------------------------
ASxxxx Linker V03.00 + NoICE + sdld,  page 11.
Hexadecimal  [32-Bits]

Area                                    Addr        Size        Decimal Bytes (Attributes)
--------------------------------        ----        ----        ------- ----- ------------
_HEADER7                            00000000    00000034 =          52. bytes (ABS,CON)

      Value  Global                              Global Defined In Module
      -----  --------------------------------   ------------------------
ASxxxx Linker V03.00 + NoICE + sdld,  page 12.
Hexadecimal  [32-Bits]

Area                                    Addr        Size        Decimal Bytes (Attributes)
--------------------------------        ----        ----        ------- ----- ------------
_HEADER8                            00000000    00000006 =           6. bytes (ABS,CON)

      Value  Global                              Global Defined In Module
      -----  --------------------------------   ------------------------
ASxxxx Linker V03.00 + NoICE + sdld,  page 13.
Hexadecimal  [32-Bits]

Area                                    Addr        Size        Decimal Bytes (Attributes)
--------------------------------        ----        ----        ------- ----- ------------
_HEADER9                            00000000    00000003 =           3. bytes (ABS,CON)

      Value  Global                              Global Defined In Module
      -----  --------------------------------   ------------------------
ASxxxx Linker V03.00 + NoICE + sdld,  page 14.
Hexadecimal  [32-Bits]

Area                                    Addr        Size        Decimal Bytes (Attributes)
--------------------------------        ----        ----        ------- ----- ------------
_HEADERa                            00000000    00000001 =           1. bytes (ABS,CON)

      Value  Global                              Global Defined In Module
      -----  --------------------------------   ------------------------
ASxxxx Linker V03.00 + NoICE + sdld,  page 15.
Hexadecimal  [32-Bits]

Area                                    Addr        Size        Decimal Bytes (Attributes)
--------------------------------        ----        ----        ------- ----- ------------
_HEADERb                            00000000    00000001 =           1. bytes (ABS,CON)

      Value  Global                              Global Defined In Module
      -----  --------------------------------   ------------------------
ASxxxx Linker V03.00 + NoICE + sdld,  page 16.
Hexadecimal  [32-Bits]

Area                                    Addr        Size        Decimal Bytes (Attributes)
--------------------------------        ----        ----        ------- ----- ------------
_HEADERc                            00000000    00000001 =           1. bytes (ABS,CON)

      Value  Global                              Global Defined In Module
      -----  --------------------------------   ------------------------
ASxxxx Linker V03.00 + NoICE + sdld,  page 17.
Hexadecimal  [32-Bits]

Area                                    Addr        Size        Decimal Bytes (Attributes)
--------------------------------        ----        ----        ------- ----- ------------
_HEADERd                            00000000    00000002 =           2. bytes (ABS,CON)

      Value  Global                              Global Defined In Module
      -----  --------------------------------   ------------------------
ASxxxx Linker V03.00 + NoICE + sdld,  page 18.
Hexadecimal  [32-Bits]

Area                                    Addr        Size        Decimal Bytes (Attributes)
--------------------------------        ----        ----        ------- ----- ------------
_HEADERe                            00000000    00000001 =           1. bytes (ABS,CON)

      Value  Global                              Global Defined In Module
      -----  --------------------------------   ------------------------
ASxxxx Linker V03.00 + NoICE + sdld,  page 19.
Hexadecimal  [32-Bits]

Area                                    Addr        Size        Decimal Bytes (Attributes)
--------------------------------        ----        ----        ------- ----- ------------
_HEADERf                            00000000    00000001 =           1. bytes (ABS,CON)

      Value  Global                              Global Defined In Module
      -----  --------------------------------   ------------------------
ASxxxx Linker V03.00 + NoICE + sdld,  page 20.
Hexadecimal  [32-Bits]

Area                                    Addr        Size        Decimal Bytes (Attributes)
--------------------------------        ----        ----        ------- ----- ------------
_HEADER10                           00000000    00000002 =           2. bytes (ABS,CON)

      Value  Global                              Global Defined In Module
      -----  --------------------------------   ------------------------
ASxxxx Linker V03.00 + NoICE + sdld,  page 21.
Hexadecimal  [32-Bits]

Area                                    Addr        Size        Decimal Bytes (Attributes)
--------------------------------        ----        ----        ------- ----- ------------
_HEADER11                           00000000    00000085 =         133. bytes (ABS,CON)

      Value  Global                              Global Defined In Module
      -----  --------------------------------   ------------------------
     000001D2  _exit                              Runtime

ASxxxx Linker V03.00 + NoICE + sdld,  page 22.
Hexadecimal  [32-Bits]

Area                                    Addr        Size        Decimal Bytes (Attributes)
--------------------------------        ----        ----        ------- ----- ------------
_HEADER12                           00000000    00000001 =           1. bytes (ABS,CON)

      Value  Global                              Global Defined In Module
      -----  --------------------------------   ------------------------
ASxxxx Linker V03.00 + NoICE + sdld,  page 23.
Hexadecimal  [32-Bits]

Area                                    Addr        Size        Decimal Bytes (Attributes)
--------------------------------        ----        ----        ------- ----- ------------
_HOME                               00000A40    000001AC =         428. bytes (REL,CON)

      Value  Global                              Global Defined In Module
      -----  --------------------------------   ------------------------
     00000A40  .set_mode                          Runtime
     00000A50  .remove_VBL                        Runtime
     00000A56  .remove_LCD                        Runtime
     00000A5C  .remove_TIM                        Runtime
     00000A62  .remove_SIO                        Runtime
     00000A68  .remove_JOY                        Runtime
     00000A6E  .add_VBL                           Runtime
     00000A74  .add_LCD                           Runtime
     00000A7A  .add_TIM                           Runtime
     00000A80  .add_SIO                           Runtime
     00000A86  .add_JOY                           Runtime
     00000A8C  .remove_int                        Runtime
     00000AAC  .add_int                           Runtime
     00000AC8  .wait_vbl_done                     Runtime
     00000AC8  _wait_vbl_done                     Runtime
     00000ADF  .display_off                       Runtime
     00000ADF  _display_off                       Runtime
     00000B00  .serial_IO                         Runtime
     00000B2F  _mode                              Runtime
     00000B38  _get_mode                          Runtime
     00000B3D  _enable_interrupts                 Runtime
     00000B3F  _disable_interrupts                Runtime
     00000B41  .reset                             Runtime
     00000B41  _reset                             Runtime
     00000B47  _set_interrupts                    Runtime
     00000B52  _remove_VBL                        Runtime
     00000B5D  _remove_LCD                        Runtime
     00000B68  _remove_TIM                        Runtime
     00000B73  _remove_SIO                        Runtime
     00000B7E  _remove_JOY                        Runtime
     00000B89  _add_VBL                           Runtime
     00000B94  _add_LCD                           Runtime
     00000B9F  _add_TIM                           Runtime
     00000BAA  _add_SIO                           Runtime
     00000BB5  _add_JOY                           Runtime
     00000BC0  _clock                             Runtime
     00000BC9  __printTStates                     Runtime
     00000BCA  banked_call                        Runtime
     00000BE3  banked_ret                         Runtime
ASxxxx Linker V03.00 + NoICE + sdld,  page 24.
Hexadecimal  [32-Bits]

Area                                    Addr        Size        Decimal Bytes (Attributes)
--------------------------------        ----        ----        ------- ----- ------------
_BASE                               00000BEC    000010FB =        4347. bytes (REL,CON)

      Value  Global                              Global Defined In Module
      -----  --------------------------------   ------------------------
     00000BEC  font_copy_uncompressed             font.ms
     00000C22  font_copy_compressed               font.ms
     00000C77  font_load                          font.ms
     00000CBF  font_copy_current                  font.ms
     00000D07  font_set                           font.ms
     00000D14  .put_char                          font.ms
     00000D2D  .out_char                          font.ms
     00000D34  .del_char                          font.ms
     00000D8F  _font_load                         font.ms
     00000D9D  _font_set                          font.ms
     00000DAC  _font_init                         font.ms
     00000DCE  .cls                               font.ms
     00000DCE  _cls                               font.ms
     00000E00  .cr_curs                           font.ms
     00000E15  .adv_curs                          font.ms
     00000E71  .tmode                             font.ms
     00000E9A  .tmode_out                         font.ms
     00000EAA  _scroll_bkg                        
     00000EC0  _move_win                          
     00000EC9  _set_win_tiles                     
     00000EDD  _font_load_ibm_fixed               
     00000EE4  _font_ibm_fixed                    
     00000FE6  _font_ibm_fixed_tiles              
     000017E6  .gmode                             Drawing1
     00001848  .vbl                               Drawing1
     00001853  .lcd                               Drawing1
     00001860  .draw_image                        Drawing1
     0000186A  .switch_data                       Drawing1
     000018A1  _switch_data                       Drawing1
     000018BC  _draw_image                        Drawing1
     000018CF  .y_table                           Drawing1
     000019EF  .init_vram                         
     000019FD  .init_wtt                          
     00001A0D  .init_btt                          
     00001A1B  .init_tt                           
     00001A21  _set_bkg_data                      
     00001A21  _set_win_data                      
     00001A6E  _set_sprite_data                   
     00001A9D  _font_min                          font_min
     00001C47  .copy_vram                         
     00001C56  _get_data                          
     00001C56  _set_data                          
     00001C69  _set_bkg_tiles                     
     00001C7D  .set_xy_wtt                        
     00001C8E  .set_xy_btt                        
     00001C9D  .set_xy_tt                         
     00001CCE  _set_tiles                         

ASxxxx Linker V03.00 + NoICE + sdld,  page 25.
Hexadecimal  [32-Bits]

Area                                    Addr        Size        Decimal Bytes (Attributes)
--------------------------------        ----        ----        ------- ----- ------------
_GSINIT                             00001CE7    00001310 =        4880. bytes (REL,CON)

      Value  Global                              Global Defined In Module
      -----  --------------------------------   ------------------------
     00001CE7  gsinit                             Runtime

ASxxxx Linker V03.00 + NoICE + sdld,  page 26.
Hexadecimal  [32-Bits]

Area                                    Addr        Size        Decimal Bytes (Attributes)
--------------------------------        ----        ----        ------- ----- ------------
_GSINITTAIL                         00002FF7    00000001 =           1. bytes (REL,CON)

      Value  Global                              Global Defined In Module
      -----  --------------------------------   ------------------------
ASxxxx Linker V03.00 + NoICE + sdld,  page 27.
Hexadecimal  [32-Bits]

Area                                    Addr        Size        Decimal Bytes (Attributes)
--------------------------------        ----        ----        ------- ----- ------------
_DATA                               0000C0A0    000003D1 =         977. bytes (REL,CON)

      Value  Global                              Global Defined In Module
      -----  --------------------------------   ------------------------
     0000C0A0  _level01Tiles                      main
     0000C170  _level01Map                        main
     0000C440  _indexForLoop                      main
     0000C441  _timer                             main
     0000C442  _numberCount                       main
     0000C46A  _window01Map                       main
ASxxxx Linker V03.00 + NoICE + sdld,  page 28.
Hexadecimal  [32-Bits]

Area                                    Addr        Size        Decimal Bytes (Attributes)
--------------------------------        ----        ----        ------- ----- ------------
_BSS                                0000C471    00000084 =         132. bytes (REL,CON)

      Value  Global                              Global Defined In Module
      -----  --------------------------------   ------------------------
     0000C471  __cpu                              Runtime
     0000C472  .mode                              Runtime
     0000C473  __io_out                           Runtime
     0000C474  __io_in                            Runtime
     0000C475  __io_status                        Runtime
     0000C476  .vbl_done                          Runtime
     0000C477  __current_bank                     Runtime
     0000C478  .sys_time                          Runtime
     0000C478  _sys_time                          Runtime
     0000C47A  .int_0x40                          Runtime
     0000C48A  .int_0x48                          Runtime
     0000C49A  .int_0x50                          Runtime
     0000C4AA  .int_0x58                          Runtime
     0000C4BA  .int_0x60                          Runtime
     0000C4CA  font_current                       font.ms
     0000C4CD  font_first_free_tile               font.ms
     0000C4CE  font_table                         font.ms
     0000C4E0  .curx                              font.ms
     0000C4E1  .cury                              font.ms
     0000C4E2  .fg_colour                         Drawing1
     0000C4E3  .bg_colour                         Drawing1
ASxxxx Linker V03.00 + NoICE + sdld,  page 29.
Hexadecimal  [32-Bits]

Area                                    Addr        Size        Decimal Bytes (Attributes)
--------------------------------        ----        ----        ------- ----- ------------
_HEAP                               0000C4F5    00000000 =           0. bytes (REL,CON)

      Value  Global                              Global Defined In Module
      -----  --------------------------------   ------------------------
     0000C4F5  _malloc_heap_start                 Runtime

ASxxxx Linker V03.00 + NoICE + sdld,  page 30.

Files Linked                              [ module(s) ]

/home/bryan/develop/gbdk-n-master/bin/../lib/crt0.rel
                                          [ Runtime ]
./obj/main.rel                            [ main ]


Libraries Linked                          [ object file ]

/home/bryan/develop/gbdk-n-master/bin/../lib/gb.lib
                                          [ font.rel ]
/home/bryan/develop/gbdk-n-master/bin/../lib/gb.lib
                                          [ scroll_b.rel ]
/home/bryan/develop/gbdk-n-master/bin/../lib/gb.lib
                                          [ mv_win.rel ]
/home/bryan/develop/gbdk-n-master/bin/../lib/gb.lib
                                          [ set_wi_t.rel ]
/home/bryan/develop/gbdk-n-master/bin/../lib/gb.lib
                                          [ ibmfixed.rel ]
/home/bryan/develop/gbdk-n-master/bin/../lib/gb.lib
                                          [ drawing.rel ]
/home/bryan/develop/gbdk-n-master/bin/../lib/gb.lib
                                          [ init_tt.rel ]
/home/bryan/develop/gbdk-n-master/bin/../lib/gb.lib
                                          [ set_data.rel ]
/home/bryan/develop/gbdk-n-master/bin/../lib/gb.lib
                                          [ f_min.rel ]
/home/bryan/develop/gbdk-n-master/bin/../lib/gb.lib
                                          [ cpy_data.rel ]
/home/bryan/develop/gbdk-n-master/bin/../lib/gb.lib
                                          [ set_bk_t.rel ]
/home/bryan/develop/gbdk-n-master/bin/../lib/gb.lib
                                          [ set_xy_t.rel ]

ASxxxx Linker V03.00 + NoICE + sdld,  page 31.

User Base Address Definitions

_CODE = 0x0200
_DATA = 0xc0a0

