                              1 ;--------------------------------------------------------
                              2 ; File Created by SDCC : FreeWare ANSI-C Compiler
                              3 ; Version 2.3.1 Tue Jan 21 08:39:37 2020
                              4 
                              5 ;--------------------------------------------------------
                              6 	.module lcc41990
                              7 	
                              8 ;--------------------------------------------------------
                              9 ; Public variables in this module
                             10 ;--------------------------------------------------------
                             11 	.globl _keys
                             12 	.globl _previousKeys
                             13 ;--------------------------------------------------------
                             14 ; special function registers
                             15 ;--------------------------------------------------------
                             16 ;--------------------------------------------------------
                             17 ; special function bits 
                             18 ;--------------------------------------------------------
                             19 ;--------------------------------------------------------
                             20 ; internal ram data
                             21 ;--------------------------------------------------------
                             22 	.area _DATA
   0000                      23 _previousKeys::
   0000                      24 	.ds 1
   0001                      25 _keys::
   0001                      26 	.ds 1
                             27 ;--------------------------------------------------------
                             28 ; overlayable items in internal ram 
                             29 ;--------------------------------------------------------
                             30 	.area _OVERLAY
                             31 ;--------------------------------------------------------
                             32 ; indirectly addressable internal ram data
                             33 ;--------------------------------------------------------
                             34 	.area _ISEG
                             35 ;--------------------------------------------------------
                             36 ; bit data
                             37 ;--------------------------------------------------------
                             38 	.area _BSEG
                             39 ;--------------------------------------------------------
                             40 ; external ram data
                             41 ;--------------------------------------------------------
                             42 	.area _XSEG
                             43 ;--------------------------------------------------------
                             44 ; global & static initialisations
                             45 ;--------------------------------------------------------
                             46 	.area _GSINIT
                             47 	.area _GSFINAL
                             48 	.area _GSINIT
                             49 ;	keys.c 3
                             50 ;	genAssign
                             51 ;	AOP_HL for _previousKeys
   0000 21 00 00             52 	ld	hl,#_previousKeys
   0003 36 00                53 	ld	(hl),#0x00
                             54 ;	keys.c 4
                             55 ;	genAssign
                             56 ;	AOP_HL for _keys
   0005 21 01 00             57 	ld	hl,#_keys
   0008 36 00                58 	ld	(hl),#0x00
                             59 ;--------------------------------------------------------
                             60 ; Home
                             61 ;--------------------------------------------------------
                             62 	.area _HOME
                             63 	.area _CODE
                             64 ;--------------------------------------------------------
                             65 ; code
                             66 ;--------------------------------------------------------
                             67 	.area _CODE
                             68 	.area _CODE
ASxxxx Assembler V01.75  (GameBoy Z80-like CPU), page 1.

Symbol Table

  1 _keys                              0001 GR
  1 _previousKeys                      0000 GR

ASxxxx Assembler V01.75  (GameBoy Z80-like CPU), page 2.

Area Table

   0 _CODE                              size    0   flags 0
   1 _DATA                              size    2   flags 0
   2 _OVERLAY                           size    0   flags 0
   3 _ISEG                              size    0   flags 0
   4 _BSEG                              size    0   flags 0
   5 _XSEG                              size    0   flags 0
   6 _GSINIT                            size    A   flags 0
   7 _GSFINAL                           size    0   flags 0
   8 _HOME                              size    0   flags 0
